ets Jul 29 2019 12:21:46

rst:0x1 (POWERON_RESET),boot:0x13 (SPI_FAST_FLASH_BOOT)
configsip: 0, SPIWP:0xee
clk_drv:0x00,q_drv:0x00,d_drv:0x00,cs0_drv:0x00,hd_drv:0x00,wp_drv:0x00
mode:DIO, clock div:2
load:0x3fff0030,len:6276
load:0x40078000,len:15748
load:0x40080400,len:4
ho 8 tail 4 room 4
load:0x40080404,len:3860
entry 0x4008063c
[0;32mI (31) boot: ESP-IDF v5.4.1-dirty 2nd stage bootloader[0m
[0;32mI (31) boot: compile time Jun 27 2025 17:22:24[0m
[0;32mI (31) boot: Multicore bootloader[0m
[0;32mI (33) boot: chip revision: v3.0[0m
[0;32mI (36) boot.esp32: SPI Speed      : 40MHz[0m
[0;32mI (40) boot.esp32: SPI Mode       : DIO[0m
[0;32mI (43) boot.esp32: SPI Flash Size : 2MB[0m
[0;32mI (47) boot: Enabling RNG early entropy source...[0m
[0;32mI (51) boot: Partition Table:[0m
[0;32mI (54) boot: ## Label            Usage          Type ST Offset   Length[0m
[0;32mI (60) boot:  0 nvs              WiFi data        01 02 00009000 00006000[0m
[0;32mI (67) boot:  1 phy_init         RF data          01 01 0000f000 00001000[0m
[0;32mI (73) boot:  2 factory          factory app      00 00 00010000 00100000[0m
[0;32mI (80) boot: End of partition table[0m
[0;32mI (83) esp_image: segment 0: paddr=00010020 vaddr=3f400020 size=09cbch ( 40124) map[0m
[0;32mI (104) esp_image: segment 1: paddr=00019ce4 vaddr=3ff80064 size=0001ch (    28) load[0m
[0;32mI (104) esp_image: segment 2: paddr=00019d08 vaddr=3ffb0000 size=02304h (  8964) load[0m
[0;32mI (111) esp_image: segment 3: paddr=0001c014 vaddr=40080000 size=04004h ( 16388) load[0m
[0;32mI (122) esp_image: segment 4: paddr=00020020 vaddr=400d0020 size=139d8h ( 80344) map[0m
[0;32mI (151) esp_image: segment 5: paddr=00033a00 vaddr=40084004 size=09cd8h ( 40152) load[0m
[0;32mI (166) esp_image: segment 6: paddr=0003d6e0 vaddr=400c0000 size=00064h (   100) load[0m
[0;32mI (167) esp_image: segment 7: paddr=0003d74c vaddr=50000000 size=00004h (     4) load[0m
[0;32mI (177) boot: Loaded app from partition at offset 0x10000[0m
[0;32mI (177) boot: Disabling RNG early entropy source...[0m
[0;32mI (192) cpu_start: Multicore app[0m
[0;32mI (200) cpu_start: Pro cpu start user code[0m
[0;32mI (200) cpu_start: cpu freq: 160000000 Hz[0m
[0;32mI (200) app_init: Application information:[0m
[0;32mI (200) app_init: Project name:     low-power[0m
[0;32mI (204) app_init: App version:      f549b56-dirty[0m
[0;32mI (209) app_init: Compile time:     Jun 27 2025 17:33:48[0m
[0;32mI (214) app_init: ELF file SHA256:  21576ada5...[0m
[0;32mI (218) app_init: ESP-IDF:          v5.4.1-dirty[0m
[0;32mI (223) efuse_init: Min chip rev:     v0.0[0m
[0;32mI (226) efuse_init: Max chip rev:     v3.99 [0m
[0;32mI (230) efuse_init: Chip rev:         v3.0[0m
[0;32mI (235) heap_init: Initializing. RAM available for dynamic allocation:[0m
[0;32mI (241) heap_init: At 3FFAE6E0 len 00001920 (6 KiB): DRAM[0m
[0;32mI (246) heap_init: At 3FFB2BE0 len 0002D420 (181 KiB): DRAM[0m
[0;32mI (251) heap_init: At 3FFE0440 len 00003AE0 (14 KiB): D/IRAM[0m
[0;32mI (256) heap_init: At 3FFE4350 len 0001BCB0 (111 KiB): D/IRAM[0m
[0;32mI (262) heap_init: At 4008DCDC len 00012324 (72 KiB): IRAM[0m
[0;32mI (269) spi_flash: detected chip: generic[0m
[0;32mI (271) spi_flash: flash io: dio[0m
[0;33mW (274) spi_flash: Detected size(4096k) larger than the size in the binary image header(2048k). Using the size in the binary image header.[0m
[0;32mI (287) main_task: Started on CPU0[0m
[0;32mI (297) main_task: Calling app_main()[0m
Acordou 0 vezes
Entrando em deep sleep
ets Jul 29 2019 12:21:46

rst:0x5 (DEEPSLEEP_RESET),boot:0x13 (SPI_FAST_FLASH_BOOT)
configsip: 0, SPIWP:0xee
clk_drv:0x00,q_drv:0x00,d_drv:0x00,cs0_drv:0x00,hd_drv:0x00,wp_drv:0x00
mode:DIO, clock div:2
load:0x3fff0030,len:6276
load:0x40078000,len:15748
load:0x40080400,len:4
ho 8 tail 4 room 4
load:0x40080404,len:3860
entry 0x4008063c
[0;32mI (31) boot: ESP-IDF v5.4.1-dirty 2nd stage bootloader[0m
[0;32mI (31) boot: compile time Jun 27 2025 17:22:24[0m
[0;32mI (31) boot: Multicore bootloader[0m
[0;32mI (33) boot: chip revision: v3.0[0m
[0;32mI (36) boot.esp32: SPI Speed      : 40MHz[0m
[0;32mI (40) boot.esp32: SPI Mode       : DIO[0m
[0;32mI (43) boot.esp32: SPI Flash Size : 2MB[0m
[0;32mI (47) boot: Enabling RNG early entropy source...[0m
[0;32mI (51) boot: Partition Table:[0m
[0;32mI (54) boot: ## Label            Usage          Type ST Offset   Length[0m
[0;32mI (60) boot:  0 nvs              WiFi data        01 02 00009000 00006000[0m
[0;32mI (67) boot:  1 phy_init         RF data          01 01 0000f000 00001000[0m
[0;32mI (73) boot:  2 factory          factory app      00 00 00010000 00100000[0m
[0;32mI (80) boot: End of partition table[0m
[0;32mI (83) esp_image: segment 0: paddr=00010020 vaddr=3f400020 size=09cbch ( 40124) map[0m
[0;32mI (104) esp_image: segment 1: paddr=00019ce4 vaddr=3ff80064 size=0001ch (    28) [0m
[0;32mI (105) esp_image: segment 2: paddr=00019d08 vaddr=3ffb0000 size=02304h (  8964) load[0m
[0;32mI (111) esp_image: segment 3: paddr=0001c014 vaddr=40080000 size=04004h ( 16388) load[0m
[0;32mI (122) esp_image: segment 4: paddr=00020020 vaddr=400d0020 size=139d8h ( 80344) map[0m
[0;32mI (150) esp_image: segment 5: paddr=00033a00 vaddr=40084004 size=09cd8h ( 40152) load[0m
[0;32mI (166) esp_image: segment 6: paddr=0003d6e0 vaddr=400c0000 size=00064h (   100) [0m
[0;32mI (166) esp_image: segment 7: paddr=0003d74c vaddr=50000000 size=00004h (     4) [0m
[0;32mI (176) boot: Loaded app from partition at offset 0x10000[0m
[0;32mI (176) boot: Disabling RNG early entropy source...[0m
[0;32mI (191) cpu_start: Multicore app[0m
[0;32mI (199) cpu_start: Pro cpu start user code[0m
[0;32mI (199) cpu_start: cpu freq: 160000000 Hz[0m
[0;32mI (200) app_init: Application information:[0m
[0;32mI (200) app_init: Project name:     low-power[0m
[0;32mI (204) app_init: App version:      f549b56-dirty[0m
[0;32mI (208) app_init: Compile time:     Jun 27 2025 17:33:48[0m
[0;32mI (213) app_init: ELF file SHA256:  21576ada5...[0m
[0;32mI (217) app_init: ESP-IDF:          v5.4.1-dirty[0m
[0;32mI (222) efuse_init: Min chip rev:     v0.0[0m
[0;32mI (226) efuse_init: Max chip rev:     v3.99 [0m
[0;32mI (230) efuse_init: Chip rev:         v3.0[0m
[0;32mI (234) heap_init: Initializing. RAM available for dynamic allocation:[0m
[0;32mI (240) heap_init: At 3FFAE6E0 len 00001920 (6 KiB): DRAM[0m
[0;32mI (245) heap_init: At 3FFB2BE0 len 0002D420 (181 KiB): DRAM[0m
[0;32mI (250) heap_init: At 3FFE0440 len 00003AE0 (14 KiB): D/IRAM[0m
[0;32mI (255) heap_init: At 3FFE4350 len 0001BCB0 (111 KiB): D/IRAM[0m
[0;32mI (261) heap_init: At 4008DCDC len 00012324 (72 KiB): IRAM[0m
[0;32mI (268) spi_flash: detected chip: generic[0m
[0;32mI (270) spi_flash: flash io: dio[0m
[0;33mW (273) spi_flash: Detected size(4096k) larger than the size in the binary image header(2048k). Using the size in the binary image header.[0m
[0;32mI (286) main_task: Started on CPU0[0m
[0;32mI (296) main_task: Calling app_main()[0m
Acordou 1 vezes
Entrando em deep sleep
ets Jul 29 2019 12:21:46

rst:0x5 (DEEPSLEEP_RESET),boot:0x13 (SPI_FAST_FLASH_BOOT)
configsip: 0, SPIWP:0xee
clk_drv:0x00,q_drv:0x00,d_drv:0x00,cs0_drv:0x00,hd_drv:0x00,wp_drv:0x00
mode:DIO, clock div:2
load:0x3fff0030,len:6276
load:0x40078000,len:15748
load:0x40080400,len:4
ho 8 tail 4 room 4
load:0x40080404,len:3860
entry 0x4008063c
[0;32mI (31) boot: ESP-IDF v5.4.1-dirty 2nd stage bootloader[0m
[0;32mI (31) boot: compile time Jun 27 2025 17:22:24[0m
[0;32mI (31) boot: Multicore bootloader[0m
[0;32mI (33) boot: chip revision: v3.0[0m
[0;32mI (36) boot.esp32: SPI Speed      : 40MHz[0m
[0;32mI (40) boot.esp32: SPI Mode       : DIO[0m
[0;32mI (43) boot.esp32: SPI Flash Size : 2MB[0m
[0;32mI (47) boot: Enabling RNG early entropy source...[0m
[0;32mI (51) boot: Partition Table:[0m
[0;32mI (54) boot: ## Label            Usage          Type ST Offset   Length[0m
[0;32mI (60) boot:  0 nvs              WiFi data        01 02 00009000 00006000[0m
[0;32mI (67) boot:  1 phy_init         RF data          01 01 0000f000 00001000[0m
[0;32mI (73) boot:  2 factory          factory app      00 00 00010000 00100000[0m
[0;32mI (80) boot: End of partition table[0m
[0;32mI (83) esp_image: segment 0: paddr=00010020 vaddr=3f400020 size=09cbch ( 40124) map[0m
[0;32mI (104) esp_image: segment 1: paddr=00019ce4 vaddr=3ff80064 size=0001ch (    28) [0m
[0;32mI (105) esp_image: segment 2: paddr=00019d08 vaddr=3ffb0000 size=02304h (  8964) load[0m
[0;32mI (111) esp_image: segment 3: paddr=0001c014 vaddr=40080000 size=04004h ( 16388) load[0m
[0;32mI (122) esp_image: segment 4: paddr=00020020 vaddr=400d0020 size=139d8h ( 80344) map[0m
[0;32mI (150) esp_image: segment 5: paddr=00033a00 vaddr=40084004 size=09cd8h ( 40152) load[0m
[0;32mI (166) esp_image: segment 6: paddr=0003d6e0 vaddr=400c0000 size=00064h (   100) [0m
[0;32mI (166) esp_image: segment 7: paddr=0003d74c vaddr=50000000 size=00004h (     4) [0m
[0;32mI (176) boot: Loaded app from partition at offset 0x10000[0m
[0;32mI (176) boot: Disabling RNG early entropy source...[0m
[0;32mI (191) cpu_start: Multicore app[0m
[0;32mI (199) cpu_start: Pro cpu start user code[0m
[0;32mI (199) cpu_start: cpu freq: 160000000 Hz[0m
[0;32mI (200) app_init: Application information:[0m
[0;32mI (200) app_init: Project name:     low-power[0m
[0;32mI (204) app_init: App version:      f549b56-dirty[0m
[0;32mI (208) app_init: Compile time:     Jun 27 2025 17:33:48[0m
[0;32mI (213) app_init: ELF file SHA256:  21576ada5...[0m
[0;32mI (217) app_init: ESP-IDF:          v5.4.1-dirty[0m
[0;32mI (222) efuse_init: Min chip rev:     v0.0[0m
[0;32mI (226) efuse_init: Max chip rev:     v3.99 [0m
[0;32mI (230) efuse_init: Chip rev:         v3.0[0m
[0;32mI (234) heap_init: Initializing. RAM available for dynamic allocation:[0m
[0;32mI (240) heap_init: At 3FFAE6E0 len 00001920 (6 KiB): DRAM[0m
[0;32mI (245) heap_init: At 3FFB2BE0 len 0002D420 (181 KiB): DRAM[0m
[0;32mI (250) heap_init: At 3FFE0440 len 00003AE0 (14 KiB): D/IRAM[0m
[0;32mI (255) heap_init: At 3FFE4350 len 0001BCB0 (111 KiB): D/IRAM[0m
[0;32mI (261) heap_init: At 4008DCDC len 00012324 (72 KiB): IRAM[0m
[0;32mI (268) spi_flash: detected chip: generic[0m
[0;32mI (270) spi_flash: flash io: dio[0m
[0;33mW (273) spi_flash: Detected size(4096k) larger than the size in the binary image header(2048k). Using the size in the binary image header.[0m
[0;32mI (286) main_task: Started on CPU0[0m
[0;32mI (296) main_task: Calling app_main()[0m
Acordou 2 vezes
Entrando em deep sleep
ets Jul 29 2019 12:21:46

rst:0x5 (DEEPSLEEP_RESET),boot:0x13 (SPI_FAST_FLASH_BOOT)
configsip: 0, SPIWP:0xee
clk_drv:0x00,q_drv:0x00,d_drv:0x00,cs0_drv:0x00,hd_drv:0x00,wp_drv:0x00
mode:DIO, clock div:2
load:0x3fff0030,len:6276
load:0x40078000,len:15748
load:0x40080400,len:4
ho 8 tail 4 room 4
load:0x40080404,len:3860
entry 0x4008063c
[0;32mI (31) boot: ESP-IDF v5.4.1-dirty 2nd stage bootloader[0m
[0;32mI (31) boot: compile time Jun 27 2025 17:22:24[0m
[0;32mI (31) boot: Multicore bootloader[0m
[0;32mI (33) boot: chip revision: v3.0[0m
[0;32mI (36) boot.esp32: SPI Speed      : 40MHz[0m
[0;32mI (40) boot.esp32: SPI Mode       : DIO[0m
[0;32mI (43) boot.esp32: SPI Flash Size : 2MB[0m
[0;32mI (47) boot: Enabling RNG early entropy source...[0m
[0;32mI (51) boot: Partition Table:[0m
[0;32mI (54) boot: ## Label            Usage          Type ST Offset   Length[0m
[0;32mI (60) boot:  0 nvs              WiFi data        01 02 00009000 00006000[0m
[0;32mI (67) boot:  1 phy_init         RF data          01 01 0000f000 00001000[0m
[0;32mI (73) boot:  2 factory          factory app      00 00 00010000 00100000[0m
[0;32mI (80) boot: End of partition table[0m
[0;32mI (83) esp_image: segment 0: paddr=00010020 vaddr=3f400020 size=09cbch ( 40124) map[0m
[0;32mI (104) esp_image: segment 1: paddr=00019ce4 vaddr=3ff80064 size=0001ch (    28) [0m
[0;32mI (105) esp_image: segment 2: paddr=00019d08 vaddr=3ffb0000 size=02304h (  8964) load[0m
[0;32mI (111) esp_image: segment 3: paddr=0001c014 vaddr=40080000 size=04004h ( 16388) load[0m
[0;32mI (122) esp_image: segment 4: paddr=00020020 vaddr=400d0020 size=139d8h ( 80344) map[0m
[0;32mI (150) esp_image: segment 5: paddr=00033a00 vaddr=40084004 size=09cd8h ( 40152) load[0m
[0;32mI (166) esp_image: segment 6: paddr=0003d6e0 vaddr=400c0000 size=00064h (   100) [0m
[0;32mI (166) esp_image: segment 7: paddr=0003d74c vaddr=50000000 size=00004h (     4) [0m
[0;32mI (176) boot: Loaded app from partition at offset 0x10000[0m
[0;32mI (176) boot: Disabling RNG early entropy source...[0m
[0;32mI (191) cpu_start: Multicore app[0m
[0;32mI (199) cpu_start: Pro cpu start user code[0m
[0;32mI (199) cpu_start: cpu freq: 160000000 Hz[0m
[0;32mI (200) app_init: Application information:[0m
[0;32mI (200) app_init: Project name:     low-power[0m
[0;32mI (204) app_init: App version:      f549b56-dirty[0m
[0;32mI (208) app_init: Compile time:     Jun 27 2025 17:33:48[0m
[0;32mI (213) app_init: ELF file SHA256:  21576ada5...[0m
[0;32mI (217) app_init: ESP-IDF:          v5.4.1-dirty[0m
[0;32mI (222) efuse_init: Min chip rev:     v0.0[0m
[0;32mI (226) efuse_init: Max chip rev:     v3.99 [0m
[0;32mI (230) efuse_init: Chip rev:         v3.0[0m
[0;32mI (234) heap_init: Initializing. RAM available for dynamic allocation:[0m
[0;32mI (240) heap_init: At 3FFAE6E0 len 00001920 (6 KiB): DRAM[0m
[0;32mI (245) heap_init: At 3FFB2BE0 len 0002D420 (181 KiB): DRAM[0m
[0;32mI (250) heap_init: At 3FFE0440 len 00003AE0 (14 KiB): D/IRAM[0m
[0;32mI (255) heap_init: At 3FFE4350 len 0001BCB0 (111 KiB): D/IRAM[0m
[0;32mI (261) heap_init: At 4008DCDC len 00012324 (72 KiB): IRAM[0m
[0;32mI (268) spi_flash: detected chip: generic[0m
[0;32mI (270) spi_flash: flash io: dio[0m
[0;33mW (273) spi_flash: Detected size(4096k) larger than the size in the binary image header(2048k). Using the size in the binary image header.[0m
[0;32mI (286) main_task: Started on CPU0[0m
[0;32mI (296) main_task: Calling app_main()[0m
Acordou 3 vezes
Entrando em deep sleep
ets Jul 29 2019 12:21:46

rst:0x5 (DEEPSLEEP_RESET),boot:0x13 (SPI_FAST_FLASH_BOOT)
configsip: 0, SPIWP:0xee
clk_drv:0x00,q_drv:0x00,d_drv:0x00,cs0_drv:0x00,hd_drv:0x00,wp_drv:0x00
mode:DIO, clock div:2
load:0x3fff0030,len:6276
load:0x40078000,len:15748
load:0x40080400,len:4
ho 8 tail 4 room 4
load:0x40080404,len:3860
entry 0x4008063c
[0;32mI (31) boot: ESP-IDF v5.4.1-dirty 2nd stage bootloader[0m
[0;32mI (31) boot: compile time Jun 27 2025 17:22:24[0m
[0;32mI (31) boot: Multicore bootloader[0m
[0;32mI (33) boot: chip revision: v3.0[0m
[0;32mI (36) boot.esp32: SPI Speed      : 40MHz[0m
[0;32mI (40) boot.esp32: SPI Mode       : DIO[0m
[0;32mI (43) boot.esp32: SPI Flash Size : 2MB[0m
[0;32mI (47) boot: Enabling RNG early entropy source...[0m
[0;32mI (51) boot: Partition Table:[0m
[0;32mI (54) boot: ## Label            Usage          Type ST Offset   Length[0m
[0;32mI (60) boot:  0 nvs              WiFi data        01 02 00009000 00006000[0m
[0;32mI (67) boot:  1 phy_init         RF data          01 01 0000f000 00001000[0m
[0;32mI (73) boot:  2 factory          factory app      00 00 00010000 00100000[0m
[0;32mI (80) boot: End of partition table[0m
[0;32mI (83) esp_image: segment 0: paddr=00010020 vaddr=3f400020 size=09cbch ( 40124) map[0m
[0;32mI (104) esp_image: segment 1: paddr=00019ce4 vaddr=3ff80064 size=0001ch (    28) [0m
[0;32mI (105) esp_image: segment 2: paddr=00019d08 vaddr=3ffb0000 size=02304h (  8964) load[0m
[0;32mI (111) esp_image: segment 3: paddr=0001c014 vaddr=40080000 size=04004h ( 16388) load[0m
[0;32mI (122) esp_image: segment 4: paddr=00020020 vaddr=400d0020 size=139d8h ( 80344) map[0m
[0;32mI (150) esp_image: segment 5: paddr=00033a00 vaddr=40084004 size=09cd8h ( 40152) load[0m
[0;32mI (166) esp_image: segment 6: paddr=0003d6e0 vaddr=400c0000 size=00064h (   100) [0m
[0;32mI (166) esp_image: segment 7: paddr=0003d74c vaddr=50000000 size=00004h (     4) [0m
[0;32mI (176) boot: Loaded app from partition at offset 0x10000[0m
[0;32mI (176) boot: Disabling RNG early entropy source...[0m
[0;32mI (191) cpu_start: Multicore app[0m
[0;32mI (199) cpu_start: Pro cpu start user code[0m
[0;32mI (199) cpu_start: cpu freq: 160000000 Hz[0m
[0;32mI (200) app_init: Application information:[0m
[0;32mI (200) app_init: Project name:     low-power[0m
[0;32mI (204) app_init: App version:      f549b56-dirty[0m
[0;32mI (208) app_init: Compile time:     Jun 27 2025 17:33:48[0m
[0;32mI (213) app_init: ELF file SHA256:  21576ada5...[0m
[0;32mI (217) app_init: ESP-IDF:          v5.4.1-dirty[0m
[0;32mI (222) efuse_init: Min chip rev:     v0.0[0m
[0;32mI (226) efuse_init: Max chip rev:     v3.99 [0m
[0;32mI (230) efuse_init: Chip rev:         v3.0[0m
[0;32mI (234) heap_init: Initializing. RAM available for dynamic allocation:[0m
[0;32mI (240) heap_init: At 3FFAE6E0 len 00001920 (6 KiB): DRAM[0m
[0;32mI (245) heap_init: At 3FFB2BE0 len 0002D420 (181 KiB): DRAM[0m
[0;32mI (250) heap_init: At 3FFE0440 len 00003AE0 (14 KiB): D/IRAM[0m
[0;32mI (255) heap_init: At 3FFE4350 len 0001BCB0 (111 KiB): D/IRAM[0m
[0;32mI (261) heap_init: At 4008DCDC len 00012324 (72 KiB): IRAM[0m
[0;32mI (268) spi_flash: detected chip: generic[0m
[0;32mI (270) spi_flash: flash io: dio[0m
[0;33mW (273) spi_flash: Detected size(4096k) larger than the size in the binary image header(2048k). Using the size in the binary image header.[0m
[0;32mI (286) main_task: Started on CPU0[0m
[0;32mI (296) main_task: Calling app_main()[0m
Acordou 4 vezes
Entrando em deep sleep
ets Jul 29 2019 12:21:46

rst:0x5 (DEEPSLEEP_RESET),boot:0x13 (SPI_FAST_FLASH_BOOT)
configsip: 0, SPIWP:0xee
clk_drv:0x00,q_drv:0x00,d_drv:0x00,cs0_drv:0x00,hd_drv:0x00,wp_drv:0x00
mode:DIO, clock div:2
load:0x3fff0030,len:6276
load:0x40078000,len:15748
load:0x40080400,len:4
ho 8 tail 4 room 4
load:0x40080404,len:3860
entry 0x4008063c
[0;32mI (31) boot: ESP-IDF v5.4.1-dirty 2nd stage bootloader[0m
[0;32mI (31) boot: compile time Jun 27 2025 17:22:24[0m
[0;32mI (31) boot: Multicore bootloader[0m
[0;32mI (33) boot: chip revision: v3.0[0m
[0;32mI (36) boot.esp32: SPI Speed      : 40MHz[0m
[0;32mI (40) boot.esp32: SPI Mode       : DIO[0m
[0;32mI (43) boot.esp32: SPI Flash Size : 2MB[0m
[0;32mI (47) boot: Enabling RNG early entropy source...[0m
[0;32mI (51) boot: Partition Table:[0m
[0;32mI (54) boot: ## Label            Usage          Type ST Offset   Length[0m
[0;32mI (60) boot:  0 nvs              WiFi data        01 02 00009000 00006000[0m
[0;32mI (67) boot:  1 phy_init         RF data          01 01 0000f000 00001000[0m
[0;32mI (73) boot:  2 factory          factory app      00 00 00010000 00100000[0m
[0;32mI (80) boot: End of partition table[0m
[0;32mI (83) esp_image: segment 0: paddr=00010020 vaddr=3f400020 size=09cbch ( 40124) map[0m
[0;32mI (104) esp_image: segment 1: paddr=00019ce4 vaddr=3ff80064 size=0001ch (    28) [0m
[0;32mI (105) esp_image: segment 2: paddr=00019d08 vaddr=3ffb0000 size=02304h (  8964) load[0m
[0;32mI (111) esp_image: segment 3: paddr=0001c014 vaddr=40080000 size=04004h ( 16388) load[0m
[0;32mI (122) esp_image: segment 4: paddr=00020020 vaddr=400d0020 size=139d8h ( 80344) map[0m
[0;32mI (150) esp_image: segment 5: paddr=00033a00 vaddr=40084004 size=09cd8h ( 40152) load[0m
[0;32mI (166) esp_image: segment 6: paddr=0003d6e0 vaddr=400c0000 size=00064h (   100) [0m
[0;32mI (166) esp_image: segment 7: paddr=0003d74c vaddr=50000000 size=00004h (     4) [0m
[0;32mI (176) boot: Loaded app from partition at offset 0x10000[0m
[0;32mI (176) boot: Disabling RNG early entropy source...[0m
[0;32mI (191) cpu_start: Multicore app[0m
[0;32mI (199) cpu_start: Pro cpu start user code[0m
[0;32mI (199) cpu_start: cpu freq: 160000000 Hz[0m
[0;32mI (200) app_init: Application information:[0m
[0;32mI (200) app_init: Project name:     low-power[0m
[0;32mI (204) app_init: App version:      f549b56-dirty[0m
[0;32mI (208) app_init: Compile time:     Jun 27 2025 17:33:48[0m
[0;32mI (213) app_init: ELF file SHA256:  21576ada5...[0m
[0;32mI (217) app_init: ESP-IDF:          v5.4.1-dirty[0m
[0;32mI (222) efuse_init: Min chip rev:     v0.0[0m
[0;32mI (226) efuse_init: Max chip rev:     v3.99 [0m
[0;32mI (230) efuse_init: Chip rev:         v3.0[0m
[0;32mI (234) heap_init: Initializing. RAM available for dynamic allocation:[0m
[0;32mI (240) heap_init: At 3FFAE6E0 len 00001920 (6 KiB): DRAM[0m
[0;32mI (245) heap_init: At 3FFB2BE0 len 0002D420 (181 KiB): DRAM[0m
[0;32mI (250) heap_init: At 3FFE0440 len 00003AE0 (14 KiB): D/IRAM[0m
[0;32mI (255) heap_init: At 3FFE4350 len 0001BCB0 (111 KiB): D/IRAM[0m
[0;32mI (261) heap_init: At 4008DCDC len 00012324 (72 KiB): IRAM[0m
[0;32mI (268) spi_flash: detected chip: generic[0m
[0;32mI (270) spi_flash: flash io: dio[0m
[0;33mW (273) spi_flash: Detected size(4096k) larger than the size in the binary image header(2048k). Using the size in the binary image header.[0m
[0;32mI (286) main_task: Started on CPU0[0m
[0;32mI (296) main_task: Calling app_main()[0m
Acordou 5 vezes
Entrando em deep sleep
ets Jul 29 2019 12:21:46

rst:0x5 (DEEPSLEEP_RESET),boot:0x13 (SPI_FAST_FLASH_BOOT)
configsip: 0, SPIWP:0xee
clk_drv:0x00,q_drv:0x00,d_drv:0x00,cs0_drv:0x00,hd_drv:0x00,wp_drv:0x00
mode:DIO, clock div:2
load:0x3fff0030,len:6276
load:0x40078000,len:15748
load:0x40080400,len:4
ho 8 tail 4 room 4
load:0x40080404,len:3860
entry 0x4008063c
[0;32mI (31) boot: ESP-IDF v5.4.1-dirty 2nd stage bootloader[0m
[0;32mI (31) boot: compile time Jun 27 2025 17:22:24[0m
[0;32mI (31) boot: Multicore bootloader[0m
[0;32mI (33) boot: chip revision: v3.0[0m
[0;32mI (36) boot.esp32: SPI Speed      : 40MHz[0m
[0;32mI (40) boot.esp32: SPI Mode       : DIO[0m
[0;32mI (43) boot.esp32: SPI Flash Size : 2MB[0m
[0;32mI (47) boot: Enabling RNG early entropy source...[0m
[0;32mI (51) boot: Partition Table:[0m
[0;32mI (54) boot: ## Label            Usage          Type ST Offset   Length[0m
[0;32mI (60) boot:  0 nvs              WiFi data        01 02 00009000 00006000[0m
[0;32mI (67) boot:  1 phy_init         RF data          01 01 0000f000 00001000[0m
[0;32mI (73) boot:  2 factory          factory app      00 00 00010000 00100000[0m
[0;32mI (80) boot: End of partition table[0m
[0;32mI (83) esp_image: segment 0: paddr=00010020 vaddr=3f400020 size=09cbch ( 40124) map[0m
[0;32mI (104) esp_image: segment 1: paddr=00019ce4 vaddr=3ff80064 size=0001ch (    28) [0m
[0;32mI (105) esp_image: segment 2: paddr=00019d08 vaddr=3ffb0000 size=02304h (  8964) load[0m
[0;32mI (111) esp_image: segment 3: paddr=0001c014 vaddr=40080000 size=04004h ( 16388) load[0m
[0;32mI (122) esp_image: segment 4: paddr=00020020 vaddr=400d0020 size=139d8h ( 80344) map[0m
[0;32mI (150) esp_image: segment 5: paddr=00033a00 vaddr=40084004 size=09cd8h ( 40152) load[0m
[0;32mI (166) esp_image: segment 6: paddr=0003d6e0 vaddr=400c0000 size=00064h (   100) [0m
[0;32mI (166) esp_image: segment 7: paddr=0003d74c vaddr=50000000 size=00004h (     4) [0m
[0;32mI (176) boot: Loaded app from partition at offset 0x10000[0m
[0;32mI (176) boot: Disabling RNG early entropy source...[0m
[0;32mI (191) cpu_start: Multicore app[0m
[0;32mI (199) cpu_start: Pro cpu start user code[0m
[0;32mI (199) cpu_start: cpu freq: 160000000 Hz[0m
[0;32mI (200) app_init: Application information:[0m
[0;32mI (200) app_init: Project name:     low-power[0m
[0;32mI (204) app_init: App version:      f549b56-dirty[0m
[0;32mI (208) app_init: Compile time:     Jun 27 2025 17:33:48[0m
[0;32mI (213) app_init: ELF file SHA256:  21576ada5...[0m
[0;32mI (217) app_init: ESP-IDF:          v5.4.1-dirty[0m
[0;32mI (222) efuse_init: Min chip rev:     v0.0[0m
[0;32mI (226) efuse_init: Max chip rev:     v3.99 [0m
[0;32mI (230) efuse_init: Chip rev:         v3.0[0m
[0;32mI (234) heap_init: Initializing. RAM available for dynamic allocation:[0m
[0;32mI (240) heap_init: At 3FFAE6E0 len 00001920 (6 KiB): DRAM[0m
[0;32mI (245) heap_init: At 3FFB2BE0 len 0002D420 (181 KiB): DRAM[0m
[0;32mI (250) heap_init: At 3FFE0440 len 00003AE0 (14 KiB): D/IRAM[0m
[0;32mI (255) heap_init: At 3FFE4350 len 0001BCB0 (111 KiB): D/IRAM[0m
[0;32mI (261) heap_init: At 4008DCDC len 00012324 (72 KiB): IRAM[0m
[0;32mI (268) spi_flash: detected chip: generic[0m
[0;32mI (270) spi_flash: flash io: dio[0m
[0;33mW (273) spi_flash: Detected size(4096k) larger than the size in the binary image header(2048k). Using the size in the binary image header.[0m
[0;32mI (286) main_task: Started on CPU0[0m
[0;32mI (296) main_task: Calling app_main()[0m
Acordou 6 vezes
Entrando em deep sleep
ets Jul 29 2019 12:21:46

rst:0x5 (DEEPSLEEP_RESET),boot:0x13 (SPI_FAST_FLASH_BOOT)
configsip: 0, SPIWP:0xee
clk_drv:0x00,q_drv:0x00,d_drv:0x00,cs0_drv:0x00,hd_drv:0x00,wp_drv:0x00
mode:DIO, clock div:2
load:0x3fff0030,len:6276
load:0x40078000,len:15748
load:0x40080400,len:4
ho 8 tail 4 room 4
load:0x40080404,len:3860
entry 0x4008063c
[0;32mI (31) boot: ESP-IDF v5.4.1-dirty 2nd stage bootloader[0m
[0;32mI (31) boot: compile time Jun 27 2025 17:22:24[0m
[0;32mI (31) boot: Multicore bootloader[0m
[0;32mI (33) boot: chip revision: v3.0[0m
[0;32mI (36) boot.esp32: SPI Speed      : 40MHz[0m
[0;32mI (40) boot.esp32: SPI Mode       : DIO[0m
[0;32mI (43) boot.esp32: SPI Flash Size : 2MB[0m
[0;32mI (47) boot: Enabling RNG early entropy source...[0m
[0;32mI (51) boot: Partition Table:[0m
[0;32mI (54) boot: ## Label            Usage          Type ST Offset   Length[0m
[0;32mI (60) boot:  0 nvs              WiFi data        01 02 00009000 00006000[0m
[0;32mI (67) boot:  1 phy_init         RF data          01 01 0000f000 00001000[0m
[0;32mI (73) boot:  2 factory          factory app      00 00 00010000 00100000[0m
[0;32mI (80) boot: End of partition table[0m
[0;32mI (83) esp_image: segment 0: paddr=00010020 vaddr=3f400020 size=09cbch ( 40124) map[0m
[0;32mI (104) esp_image: segment 1: paddr=00019ce4 vaddr=3ff80064 size=0001ch (    28) [0m
[0;32mI (105) esp_image: segment 2: paddr=00019d08 vaddr=3ffb0000 size=02304h (  8964) load[0m
[0;32mI (111) esp_image: segment 3: paddr=0001c014 vaddr=40080000 size=04004h ( 16388) load[0m
[0;32mI (122) esp_image: segment 4: paddr=00020020 vaddr=400d0020 size=139d8h ( 80344) map[0m
[0;32mI (150) esp_image: segment 5: paddr=00033a00 vaddr=40084004 size=09cd8h ( 40152) load[0m
[0;32mI (166) esp_image: segment 6: paddr=0003d6e0 vaddr=400c0000 size=00064h (   100) [0m
[0;32mI (166) esp_image: segment 7: paddr=0003d74c vaddr=50000000 size=00004h (     4) [0m
[0;32mI (176) boot: Loaded app from partition at offset 0x10000[0m
[0;32mI (176) boot: Disabling RNG early entropy source...[0m
[0;32mI (191) cpu_start: Multicore app[0m
[0;32mI (199) cpu_start: Pro cpu start user code[0m
[0;32mI (199) cpu_start: cpu freq: 160000000 Hz[0m
[0;32mI (200) app_init: Application information:[0m
[0;32mI (200) app_init: Project name:     low-power[0m
[0;32mI (204) app_init: App version:      f549b56-dirty[0m
[0;32mI (208) app_init: Compile time:     Jun 27 2025 17:33:48[0m
[0;32mI (213) app_init: ELF file SHA256:  21576ada5...[0m
[0;32mI (217) app_init: ESP-IDF:          v5.4.1-dirty[0m
[0;32mI (222) efuse_init: Min chip rev:     v0.0[0m
[0;32mI (226) efuse_init: Max chip rev:     v3.99 [0m
[0;32mI (230) efuse_init: Chip rev:         v3.0[0m
[0;32mI (234) heap_init: Initializing. RAM available for dynamic allocation:[0m
[0;32mI (240) heap_init: At 3FFAE6E0 len 00001920 (6 KiB): DRAM[0m
[0;32mI (245) heap_init: At 3FFB2BE0 len 0002D420 (181 KiB): DRAM[0m
[0;32mI (250) heap_init: At 3FFE0440 len 00003AE0 (14 KiB): D/IRAM[0m
[0;32mI (255) heap_init: At 3FFE4350 len 0001BCB0 (111 KiB): D/IRAM[0m
[0;32mI (261) heap_init: At 4008DCDC len 00012324 (72 KiB): IRAM[0m
[0;32mI (268) spi_flash: detected chip: generic[0m
[0;32mI (270) spi_flash: flash io: dio[0m
[0;33mW (273) spi_flash: Detected size(4096k) larger than the size in the binary image header(2048k). Using the size in the binary image header.[0m
[0;32mI (286) main_task: Started on CPU0[0m
[0;32mI (296) main_task: Calling app_main()[0m
Acordou 7 vezes
Entrando em deep sleep
ets Jul 29 2019 12:21:46

rst:0x5 (DEEPSLEEP_RESET),boot:0x13 (SPI_FAST_FLASH_BOOT)
configsip: 0, SPIWP:0xee
clk_drv:0x00,q_drv:0x00,d_drv:0x00,cs0_drv:0x00,hd_drv:0x00,wp_drv:0x00
mode:DIO, clock div:2
load:0x3fff0030,len:6276
load:0x40078000,len:15748
load:0x40080400,len:4
ho 8 tail 4 room 4
load:0x40080404,len:3860
entry 0x4008063c
[0;32mI (31) boot: ESP-IDF v5.4.1-dirty 2nd stage bootloader[0m
[0;32mI (31) boot: compile time Jun 27 2025 17:22:24[0m
[0;32mI (31) boot: Multicore bootloader[0m
[0;32mI (33) boot: chip revision: v3.0[0m
[0;32mI (36) boot.esp32: SPI Speed      : 40MHz[0m
[0;32mI (40) boot.esp32: SPI Mode       : DIO[0m
[0;32mI (43) boot.esp32: SPI Flash Size : 2MB[0m
[0;32mI (47) boot: Enabling RNG early entropy source...[0m
[0;32mI (51) boot: Partition Table:[0m
[0;32mI (54) boot: ## Label            Usage          Type ST Offset   Length[0m
[0;32mI (60) boot:  0 nvs              WiFi data        01 02 00009000 00006000[0m
[0;32mI (67) boot:  1 phy_init         RF data          01 01 0000f000 00001000[0m
[0;32mI (73) boot:  2 factory          factory app      00 00 00010000 00100000[0m
[0;32mI (80) boot: End of partition table[0m
[0;32mI (83) esp_image: segment 0: paddr=00010020 vaddr=3f400020 size=09cbch ( 40124) map[0m
[0;32mI (104) esp_image: segment 1: paddr=00019ce4 vaddr=3ff80064 size=0001ch (    28) [0m
[0;32mI (105) esp_image: segment 2: paddr=00019d08 vaddr=3ffb0000 size=02304h (  8964) load[0m
[0;32mI (111) esp_image: segment 3: paddr=0001c014 vaddr=40080000 size=04004h ( 16388) load[0m
[0;32mI (122) esp_image: segment 4: paddr=00020020 vaddr=400d0020 size=139d8h ( 80344) map[0m
[0;32mI (150) esp_image: segment 5: paddr=00033a00 vaddr=40084004 size=09cd8h ( 40152) load[0m
[0;32mI (166) esp_image: segment 6: paddr=0003d6e0 vaddr=400c0000 size=00064h (   100) [0m
[0;32mI (166) esp_image: segment 7: paddr=0003d74c vaddr=50000000 size=00004h (     4) [0m
[0;32mI (176) boot: Loaded app from partition at offset 0x10000[0m
[0;32mI (176) boot: Disabling RNG early entropy source...[0m
[0;32mI (191) cpu_start: Multicore app[0m
[0;32mI (199) cpu_start: Pro cpu start user code[0m
[0;32mI (199) cpu_start: cpu freq: 160000000 Hz[0m
[0;32mI (200) app_init: Application information:[0m
[0;32mI (200) app_init: Project name:     low-power[0m
[0;32mI (204) app_init: App version:      f549b56-dirty[0m
[0;32mI (208) app_init: Compile time:     Jun 27 2025 17:33:48[0m
[0;32mI (213) app_init: ELF file SHA256:  21576ada5...[0m
[0;32mI (217) app_init: ESP-IDF:          v5.4.1-dirty[0m
[0;32mI (222) efuse_init: Min chip rev:     v0.0[0m
[0;32mI (226) efuse_init: Max chip rev:     v3.99 [0m
[0;32mI (230) efuse_init: Chip rev:         v3.0[0m
[0;32mI (234) heap_init: Initializing. RAM available for dynamic allocation:[0m
[0;32mI (240) heap_init: At 3FFAE6E0 len 00001920 (6 KiB): DRAM[0m
[0;32mI (245) heap_init: At 3FFB2BE0 len 0002D420 (181 KiB): DRAM[0m
[0;32mI (250) heap_init: At 3FFE0440 len 00003AE0 (14 KiB): D/IRAM[0m
[0;32mI (255) heap_init: At 3FFE4350 len 0001BCB0 (111 KiB): D/IRAM[0m
[0;32mI (261) heap_init: At 4008DCDC len 00012324 (72 KiB): IRAM[0m
[0;32mI (268) spi_flash: detected chip: generic[0m
[0;32mI (270) spi_flash: flash io: dio[0m
[0;33mW (273) spi_flash: Detected size(4096k) larger than the size in the binary image header(2048k). Using the size in the binary image header.[0m
[0;32mI (286) main_task: Started on CPU0[0m
[0;32mI (296) main_task: Calling app_main()[0m
Acordou 8 vezes
Entrando em deep sleep
ets Jul 29 2019 12:21:46

rst:0x5 (DEEPSLEEP_RESET),boot:0x13 (SPI_FAST_FLASH_BOOT)
configsip: 0, SPIWP:0xee
clk_drv:0x00,q_drv:0x00,d_drv:0x00,cs0_drv:0x00,hd_drv:0x00,wp_drv:0x00
mode:DIO, clock div:2
load:0x3fff0030,len:6276
load:0x40078000,len:15748
load:0x40080400,len:4
ho 8 tail 4 room 4
load:0x40080404,len:3860
entry 0x4008063c
[0;32mI (31) boot: ESP-IDF v5.4.1-dirty 2nd stage bootloader[0m
[0;32mI (31) boot: compile time Jun 27 2025 17:22:24[0m
[0;32mI (31) boot: Multicore bootloader[0m
[0;32mI (33) boot: chip revision: v3.0[0m
[0;32mI (36) boot.esp32: SPI Speed      : 40MHz[0m
[0;32mI (40) boot.esp32: SPI Mode       : DIO[0m
[0;32mI (43) boot.esp32: SPI Flash Size : 2MB[0m
[0;32mI (47) boot: Enabling RNG early entropy source...[0m
[0;32mI (51) boot: Partition Table:[0m
[0;32mI (54) boot: ## Label            Usage          Type ST Offset   Length[0m
[0;32mI (60) boot:  0 nvs              WiFi data        01 02 00009000 00006000[0m
[0;32mI (67) boot:  1 phy_init         RF data          01 01 0000f000 00001000[0m
[0;32mI (73) boot:  2 factory          factory app      00 00 00010000 00100000[0m
[0;32mI (80) boot: End of partition table[0m
[0;32mI (83) esp_image: segment 0: paddr=00010020 vaddr=3f400020 size=09cbch ( 40124) map[0m
[0;32mI (104) esp_image: segment 1: paddr=00019ce4 vaddr=3ff80064 size=0001ch (    28) [0m
[0;32mI (105) esp_image: segment 2: paddr=00019d08 vaddr=3ffb0000 size=02304h (  8964) load[0m
[0;32mI (111) esp_image: segment 3: paddr=0001c014 vaddr=40080000 size=04004h ( 16388) load[0m
[0;32mI (122) esp_image: segment 4: paddr=00020020 vaddr=400d0020 size=139d8h ( 80344) map[0m
[0;32mI (150) esp_image: segment 5: paddr=00033a00 vaddr=40084004 size=09cd8h ( 40152) load[0m
[0;32mI (166) esp_image: segment 6: paddr=0003d6e0 vaddr=400c0000 size=00064h (   100) [0m
[0;32mI (166) esp_image: segment 7: paddr=0003d74c vaddr=50000000 size=00004h (     4) [0m
[0;32mI (176) boot: Loaded app from partition at offset 0x10000[0m
[0;32mI (176) boot: Disabling RNG early entropy source...[0m
[0;32mI (191) cpu_start: Multicore app[0m
[0;32mI (199) cpu_start: Pro cpu start user code[0m
[0;32mI (199) cpu_start: cpu freq: 160000000 Hz[0m
[0;32mI (200) app_init: Application information:[0m
[0;32mI (200) app_init: Project name:     low-power[0m
[0;32mI (204) app_init: App version:      f549b56-dirty[0m
[0;32mI (208) app_init: Compile time:     Jun 27 2025 17:33:48[0m
[0;32mI (213) app_init: ELF file SHA256:  21576ada5...[0m
[0;32mI (217) app_init: ESP-IDF:          v5.4.1-dirty[0m
[0;32mI (222) efuse_init: Min chip rev:     v0.0[0m
[0;32mI (226) efuse_init: Max chip rev:     v3.99 [0m
[0;32mI (230) efuse_init: Chip rev:         v3.0[0m
[0;32mI (234) heap_init: Initializing. RAM available for dynamic allocation:[0m
[0;32mI (240) heap_init: At 3FFAE6E0 len 00001920 (6 KiB): DRAM[0m
[0;32mI (245) heap_init: At 3FFB2BE0 len 0002D420 (181 KiB): DRAM[0m
[0;32mI (250) heap_init: At 3FFE0440 len 00003AE0 (14 KiB): D/IRAM[0m
[0;32mI (255) heap_init: At 3FFE4350 len 0001BCB0 (111 KiB): D/IRAM[0m
[0;32mI (261) heap_init: At 4008DCDC len 00012324 (72 KiB): IRAM[0m
[0;32mI (268) spi_flash: detected chip: generic[0m
[0;32mI (270) spi_flash: flash io: dio[0m
[0;33mW (273) spi_flash: Detected size(4096k) larger than the size in the binary image header(2048k). Using the size in the binary image header.[0m
[0;32mI (286) main_task: Started on CPU0[0m
[0;32mI (296) main_task: Calling app_main()[0m
Acordou 9 vezes
Entrando em deep sleep
ets Jul 29 2019 12:21:46

rst:0x5 (DEEPSLEEP_RESET),boot:0x13 (SPI_FAST_FLASH_BOOT)
configsip: 0, SPIWP:0xee
clk_drv:0x00,q_drv:0x00,d_drv:0x00,cs0_drv:0x00,hd_drv:0x00,wp_drv:0x00
mode:DIO, clock div:2
load:0x3fff0030,len:6276
load:0x40078000,len:15748
load:0x40080400,len:4
ho 8 tail 4 room 4
load:0x40080404,len:3860
entry 0x4008063c
[0;32mI (31) boot: ESP-IDF v5.4.1-dirty 2nd stage bootloader[0m
[0;32mI (31) boot: compile time Jun 27 2025 17:22:24[0m
[0;32mI (31) boot: Multicore bootloader[0m
[0;32mI (33) boot: chip revision: v3.0[0m
[0;32mI (36) boot.esp32: SPI Speed      : 40MHz[0m
[0;32mI (40) boot.esp32: SPI Mode       : DIO[0m
[0;32mI (43) boot.esp32: SPI Flash Size : 2MB[0m
[0;32mI (47) boot: Enabling RNG early entropy source...[0m
[0;32mI (51) boot: Partition Table:[0m
[0;32mI (54) boot: ## Label            Usage          Type ST Offset   Length[0m
[0;32mI (60) boot:  0 nvs              WiFi data        01 02 00009000 00006000[0m
[0;32mI (67) boot:  1 phy_init         RF data          01 01 0000f000 00001000[0m
[0;32mI (73) boot:  2 factory          factory app      00 00 00010000 00100000[0m
[0;32mI (80) boot: End of partition table[0m
[0;32mI (83) esp_image: segment 0: paddr=00010020 vaddr=3f400020 size=09cbch ( 40124) map[0m
[0;32mI (104) esp_image: segment 1: paddr=00019ce4 vaddr=3ff80064 size=0001ch (    28) [0m
[0;32mI (105) esp_image: segment 2: paddr=00019d08 vaddr=3ffb0000 size=02304h (  8964) load[0m
[0;32mI (111) esp_image: segment 3: paddr=0001c014 vaddr=40080000 size=04004h ( 16388) load[0m
[0;32mI (122) esp_image: segment 4: paddr=00020020 vaddr=400d0020 size=139d8h ( 80344) map[0m
[0;32mI (150) esp_image: segment 5: paddr=00033a00 vaddr=40084004 size=09cd8h ( 40152) load[0m
[0;32mI (166) esp_image: segment 6: paddr=0003d6e0 vaddr=400c0000 size=00064h (   100) [0m
[0;32mI (166) esp_image: segment 7: paddr=0003d74c vaddr=50000000 size=00004h (     4) [0m
[0;32mI (176) boot: Loaded app from partition at offset 0x10000[0m
[0;32mI (176) boot: Disabling RNG early entropy source...[0m
[0;32mI (191) cpu_start: Multicore app[0m
[0;32mI (199) cpu_start: Pro cpu start user code[0m
[0;32mI (199) cpu_start: cpu freq: 160000000 Hz[0m
[0;32mI (200) app_init: Application information:[0m
[0;32mI (200) app_init: Project name:     low-power[0m
[0;32mI (204) app_init: App version:      f549b56-dirty[0m
[0;32mI (208) app_init: Compile time:     Jun 27 2025 17:33:48[0m
[0;32mI (213) app_init: ELF file SHA256:  21576ada5...[0m
[0;32mI (217) app_init: ESP-IDF:          v5.4.1-dirty[0m
[0;32mI (222) efuse_init: Min chip rev:     v0.0[0m
[0;32mI (226) efuse_init: Max chip rev:     v3.99 [0m
[0;32mI (230) efuse_init: Chip rev:         v3.0[0m
[0;32mI (234) heap_init: Initializing. RAM available for dynamic allocation:[0m
[0;32mI (240) heap_init: At 3FFAE6E0 len 00001920 (6 KiB): DRAM[0m
[0;32mI (245) heap_init: At 3FFB2BE0 len 0002D420 (181 KiB): DRAM[0m
[0;32mI (250) heap_init: At 3FFE0440 len 00003AE0 (14 KiB): D/IRAM[0m
[0;32mI (255) heap_init: At 3FFE4350 len 0001BCB0 (111 KiB): D/IRAM[0m
[0;32mI (261) heap_init: At 4008DCDC len 00012324 (72 KiB): IRAM[0m
[0;32mI (268) spi_flash: detected chip: generic[0m
[0;32mI (270) spi_flash: flash io: dio[0m
[0;33mW (273) spi_flash: Detected size(4096k) larger than the size in the binary image header(2048k). Using the size in the binary image header.[0m
[0;32mI (286) main_task: Started on CPU0[0m
[0;32mI (296) main_task: Calling app_main()[0m
Acordou 10 vezes
Entrando em deep sleep
ets Jul 29 2019 12:21:46

rst:0x5 (DEEPSLEEP_RESET),boot:0x13 (SPI_FAST_FLASH_BOOT)
configsip: 0, SPIWP:0xee
clk_drv:0x00,q_drv:0x00,d_drv:0x00,cs0_drv:0x00,hd_drv:0x00,wp_drv:0x00
mode:DIO, clock div:2
load:0x3fff0030,len:6276
load:0x40078000,len:15748
load:0x40080400,len:4
ho 8 tail 4 room 4
load:0x40080404,len:3860
entry 0x4008063c
[0;32mI (31) boot: ESP-IDF v5.4.1-dirty 2nd stage bootloader[0m
[0;32mI (31) boot: compile time Jun 27 2025 17:22:24[0m
[0;32mI (31) boot: Multicore bootloader[0m
[0;32mI (33) boot: chip revision: v3.0[0m
[0;32mI (36) boot.esp32: SPI Speed      : 40MHz[0m
[0;32mI (40) boot.esp32: SPI Mode       : DIO[0m
[0;32mI (43) boot.esp32: SPI Flash Size : 2MB[0m
[0;32mI (47) boot: Enabling RNG early entropy source...[0m
[0;32mI (51) boot: Partition Table:[0m
[0;32mI (54) boot: ## Label            Usage          Type ST Offset   Length[0m
[0;32mI (60) boot:  0 nvs              WiFi data        01 02 00009000 00006000[0m
[0;32mI (67) boot:  1 phy_init         RF data          01 01 0000f000 00001000[0m
[0;32mI (73) boot:  2 factory          factory app      00 00 00010000 00100000[0m
[0;32mI (80) boot: End of partition table[0m
[0;32mI (83) esp_image: segment 0: paddr=00010020 vaddr=3f400020 size=09cbch ( 40124) map[0m
[0;32mI (104) esp_image: segment 1: paddr=00019ce4 vaddr=3ff80064 size=0001ch (    28) [0m
[0;32mI (105) esp_image: segment 2: paddr=00019d08 vaddr=3ffb0000 size=02304h (  8964) load[0m
[0;32mI (111) esp_image: segment 3: paddr=0001c014 vaddr=40080000 size=04004h ( 16388) load[0m
[0;32mI (122) esp_image: segment 4: paddr=00020020 vaddr=400d0020 size=139d8h ( 80344) map[0m
[0;32mI (150) esp_image: segment 5: paddr=00033a00 vaddr=40084004 size=09cd8h ( 40152) load[0m
[0;32mI (166) esp_image: segment 6: paddr=0003d6e0 vaddr=400c0000 size=00064h (   100) [0m
[0;32mI (166) esp_image: segment 7: paddr=0003d74c vaddr=50000000 size=00004h (     4) [0m
[0;32mI (176) boot: Loaded app from partition at offset 0x10000[0m
[0;32mI (176) boot: Disabling RNG early entropy source...[0m
[0;32mI (191) cpu_start: Multicore app[0m
[0;32mI (199) cpu_start: Pro cpu start user code[0m
[0;32mI (199) cpu_start: cpu freq: 160000000 Hz[0m
[0;32mI (200) app_init: Application information:[0m
[0;32mI (200) app_init: Project name:     low-power[0m
[0;32mI (204) app_init: App version:      f549b56-dirty[0m
[0;32mI (208) app_init: Compile time:     Jun 27 2025 17:33:48[0m
[0;32mI (213) app_init: ELF file SHA256:  21576ada5...[0m
[0;32mI (217) app_init: ESP-IDF:          v5.4.1-dirty[0m
[0;32mI (222) efuse_init: Min chip rev:     v0.0[0m
[0;32mI (226) efuse_init: Max chip rev:     v3.99 [0m
[0;32mI (230) efuse_init: Chip rev:         v3.0[0m
[0;32mI (234) heap_init: Initializing. RAM available for dynamic allocation:[0m
[0;32mI (240) heap_init: At 3FFAE6E0 len 00001920 (6 KiB): DRAM[0m
[0;32mI (245) heap_init: At 3FFB2BE0 len 0002D420 (181 KiB): DRAM[0m
[0;32mI (250) heap_init: At 3FFE0440 len 00003AE0 (14 KiB): D/IRAM[0m
[0;32mI (255) heap_init: At 3FFE4350 len 0001BCB0 (111 KiB): D/IRAM[0m
[0;32mI (261) heap_init: At 4008DCDC len 00012324 (72 KiB): IRAM[0m
[0;32mI (268) spi_flash: detected chip: generic[0m
[0;32mI (270) spi_flash: flash io: dio[0m
[0;33mW (273) spi_flash: Detected size(4096k) larger than the size in the binary image header(2048k). Using the size in the binary image header.[0m
[0;32mI (286) main_task: Started on CPU0[0m
[0;32mI (296) main_task: Calling app_main()[0m
Acordou 11 vezes
Entrando em deep sleep
ets Jul 29 2019 12:21:46

rst:0x5 (DEEPSLEEP_RESET),boot:0x13 (SPI_FAST_FLASH_BOOT)
configsip: 0, SPIWP:0xee
clk_drv:0x00,q_drv:0x00,d_drv:0x00,cs0_drv:0x00,hd_drv:0x00,wp_drv:0x00
mode:DIO, clock div:2
load:0x3fff0030,len:6276
load:0x40078000,len:15748
load:0x40080400,len:4
ho 8 tail 4 room 4
load:0x40080404,len:3860
entry 0x4008063c
[0;32mI (31) boot: ESP-IDF v5.4.1-dirty 2nd stage bootloader[0m
[0;32mI (31) boot: compile time Jun 27 2025 17:22:24[0m
[0;32mI (31) boot: Multicore bootloader[0m
[0;32mI (33) boot: chip revision: v3.0[0m
[0;32mI (36) boot.esp32: SPI Speed      : 40MHz[0m
[0;32mI (40) boot.esp32: SPI Mode       : DIO[0m
[0;32mI (43) boot.esp32: SPI Flash Size : 2MB[0m
[0;32mI (47) boot: Enabling RNG early entropy source...[0m
[0;32mI (51) boot: Partition Table:[0m
[0;32mI (54) boot: ## Label            Usage          Type ST Offset   Length[0m
[0;32mI (60) boot:  0 nvs              WiFi data        01 02 00009000 00006000[0m
[0;32mI (67) boot:  1 phy_init         RF data          01 01 0000f000 00001000[0m
[0;32mI (73) boot:  2 factory          factory app      00 00 00010000 00100000[0m
[0;32mI (80) boot: End of partition table[0m
[0;32mI (83) esp_image: segment 0: paddr=00010020 vaddr=3f400020 size=09cbch ( 40124) map[0m
[0;32mI (104) esp_image: segment 1: paddr=00019ce4 vaddr=3ff80064 size=0001ch (    28) [0m
[0;32mI (105) esp_image: segment 2: paddr=00019d08 vaddr=3ffb0000 size=02304h (  8964) load[0m
[0;32mI (111) esp_image: segment 3: paddr=0001c014 vaddr=40080000 size=04004h ( 16388) load[0m
[0;32mI (122) esp_image: segment 4: paddr=00020020 vaddr=400d0020 size=139d8h ( 80344) map[0m
[0;32mI (150) esp_image: segment 5: paddr=00033a00 vaddr=40084004 size=09cd8h ( 40152) load[0m
[0;32mI (166) esp_image: segment 6: paddr=0003d6e0 vaddr=400c0000 size=00064h (   100) [0m
[0;32mI (166) esp_image: segment 7: paddr=0003d74c vaddr=50000000 size=00004h (     4) [0m
[0;32mI (176) boot: Loaded app from partition at offset 0x10000[0m
[0;32mI (176) boot: Disabling RNG early entropy source...[0m
[0;32mI (191) cpu_start: Multicore app[0m
[0;32mI (199) cpu_start: Pro cpu start user code[0m
[0;32mI (199) cpu_start: cpu freq: 160000000 Hz[0m
[0;32mI (200) app_init: Application information:[0m
[0;32mI (200) app_init: Project name:     low-power[0m
[0;32mI (204) app_init: App version:      f549b56-dirty[0m
[0;32mI (208) app_init: Compile time:     Jun 27 2025 17:33:48[0m
[0;32mI (213) app_init: ELF file SHA256:  21576ada5...[0m
[0;32mI (217) app_init: ESP-IDF:          v5.4.1-dirty[0m
[0;32mI (222) efuse_init: Min chip rev:     v0.0[0m
[0;32mI (226) efuse_init: Max chip rev:     v3.99 [0m
[0;32mI (230) efuse_init: Chip rev:         v3.0[0m
[0;32mI (234) heap_init: Initializing. RAM available for dynamic allocation:[0m
[0;32mI (240) heap_init: At 3FFAE6E0 len 00001920 (6 KiB): DRAM[0m
[0;32mI (245) heap_init: At 3FFB2BE0 len 0002D420 (181 KiB): DRAM[0m
[0;32mI (250) heap_init: At 3FFE0440 len 00003AE0 (14 KiB): D/IRAM[0m
[0;32mI (255) heap_init: At 3FFE4350 len 0001BCB0 (111 KiB): D/IRAM[0m
[0;32mI (261) heap_init: At 4008DCDC len 00012324 (72 KiB): IRAM[0m
[0;32mI (268) spi_flash: detected chip: generic[0m
[0;32mI (270) spi_flash: flash io: dio[0m
[0;33mW (273) spi_flash: Detected size(4096k) larger than the size in the binary image header(2048k). Using the size in the binary image header.[0m
[0;32mI (286) main_task: Started on CPU0[0m
[0;32mI (296) main_task: Calling app_main()[0m
Acordou 12 vezes
Entrando em deep sleep
ets Jul 29 2019 12:21:46

rst:0x5 (DEEPSLEEP_RESET),boot:0x13 (SPI_FAST_FLASH_BOOT)
configsip: 0, SPIWP:0xee
clk_drv:0x00,q_drv:0x00,d_drv:0x00,cs0_drv:0x00,hd_drv:0x00,wp_drv:0x00
mode:DIO, clock div:2
load:0x3fff0030,len:6276
load:0x40078000,len:15748
load:0x40080400,len:4
ho 8 tail 4 room 4
load:0x40080404,len:3860
entry 0x4008063c
[0;32mI (31) boot: ESP-IDF v5.4.1-dirty 2nd stage bootloader[0m
[0;32mI (31) boot: compile time Jun 27 2025 17:22:24[0m
[0;32mI (31) boot: Multicore bootloader[0m
[0;32mI (33) boot: chip revision: v3.0[0m
[0;32mI (36) boot.esp32: SPI Speed      : 40MHz[0m
[0;32mI (40) boot.esp32: SPI Mode       : DIO[0m
[0;32mI (43) boot.esp32: SPI Flash Size : 2MB[0m
[0;32mI (47) boot: Enabling RNG early entropy source...[0m
[0;32mI (51) boot: Partition Table:[0m
[0;32mI (54) boot: ## Label            Usage          Type ST Offset   Length[0m
[0;32mI (60) boot:  0 nvs              WiFi data        01 02 00009000 00006000[0m
[0;32mI (67) boot:  1 phy_init         RF data          01 01 0000f000 00001000[0m
[0;32mI (73) boot:  2 factory          factory app      00 00 00010000 00100000[0m
[0;32mI (80) boot: End of partition table[0m
[0;32mI (83) esp_image: segment 0: paddr=00010020 vaddr=3f400020 size=09cbch ( 40124) map[0m
[0;32mI (104) esp_image: segment 1: paddr=00019ce4 vaddr=3ff80064 size=0001ch (    28) [0m
[0;32mI (105) esp_image: segment 2: paddr=00019d08 vaddr=3ffb0000 size=02304h (  8964) load[0m
[0;32mI (111) esp_image: segment 3: paddr=0001c014 vaddr=40080000 size=04004h ( 16388) load[0m
[0;32mI (122) esp_image: segment 4: paddr=00020020 vaddr=400d0020 size=139d8h ( 80344) map[0m
[0;32mI (150) esp_image: segment 5: paddr=00033a00 vaddr=40084004 size=09cd8h ( 40152) load[0m
[0;32mI (166) esp_image: segment 6: paddr=0003d6e0 vaddr=400c0000 size=00064h (   100) [0m
[0;32mI (166) esp_image: segment 7: paddr=0003d74c vaddr=50000000 size=00004h (     4) [0m
[0;32mI (176) boot: Loaded app from partition at offset 0x10000[0m
[0;32mI (176) boot: Disabling RNG early entropy source...[0m
[0;32mI (191) cpu_start: Multicore app[0m
[0;32mI (199) cpu_start: Pro cpu start user code[0m
[0;32mI (199) cpu_start: cpu freq: 160000000 Hz[0m
[0;32mI (200) app_init: Application information:[0m
[0;32mI (200) app_init: Project name:     low-power[0m
[0;32mI (204) app_init: App version:      f549b56-dirty[0m
[0;32mI (208) app_init: Compile time:     Jun 27 2025 17:33:48[0m
[0;32mI (213) app_init: ELF file SHA256:  21576ada5...[0m
[0;32mI (217) app_init: ESP-IDF:          v5.4.1-dirty[0m
[0;32mI (222) efuse_init: Min chip rev:     v0.0[0m
[0;32mI (226) efuse_init: Max chip rev:     v3.99 [0m
[0;32mI (230) efuse_init: Chip rev:         v3.0[0m
[0;32mI (234) heap_init: Initializing. RAM available for dynamic allocation:[0m
[0;32mI (240) heap_init: At 3FFAE6E0 len 00001920 (6 KiB): DRAM[0m
[0;32mI (245) heap_init: At 3FFB2BE0 len 0002D420 (181 KiB): DRAM[0m
[0;32mI (250) heap_init: At 3FFE0440 len 00003AE0 (14 KiB): D/IRAM[0m
[0;32mI (255) heap_init: At 3FFE4350 len 0001BCB0 (111 KiB): D/IRAM[0m
[0;32mI (261) heap_init: At 4008DCDC len 00012324 (72 KiB): IRAM[0m
[0;32mI (268) spi_flash: detected chip: generic[0m
[0;32mI (270) spi_flash: flash io: dio[0m
[0;33mW (273) spi_flash: Detected size(4096k) larger than the size in the binary image header(2048k). Using the size in the binary image header.[0m
[0;32mI (286) main_task: Started on CPU0[0m
[0;32mI (296) main_task: Calling app_main()[0m
Acordou 13 vezes
Entrando em deep sleep
ets Jul 29 2019 12:21:46

rst:0x5 (DEEPSLEEP_RESET),boot:0x13 (SPI_FAST_FLASH_BOOT)
configsip: 0, SPIWP:0xee
clk_drv:0x00,q_drv:0x00,d_drv:0x00,cs0_drv:0x00,hd_drv:0x00,wp_drv:0x00
mode:DIO, clock div:2
load:0x3fff0030,len:6276
load:0x40078000,len:15748
load:0x40080400,len:4
ho 8 tail 4 room 4
load:0x40080404,len:3860
entry 0x4008063c
[0;32mI (31) boot: ESP-IDF v5.4.1-dirty 2nd stage bootloader[0m
[0;32mI (31) boot: compile time Jun 27 2025 17:22:24[0m
[0;32mI (31) boot: Multicore bootloader[0m
[0;32mI (33) boot: chip revision: v3.0[0m
[0;32mI (36) boot.esp32: SPI Speed      : 40MHz[0m
[0;32mI (40) boot.esp32: SPI Mode       : DIO[0m
[0;32mI (43) boot.esp32: SPI Flash Size : 2MB[0m
[0;32mI (47) boot: Enabling RNG early entropy source...[0m
[0;32mI (51) boot: Partition Table:[0m
[0;32mI (54) boot: ## Label            Usage          Type ST Offset   Length[0m
[0;32mI (60) boot:  0 nvs              WiFi data        01 02 00009000 00006000[0m
[0;32mI (67) boot:  1 phy_init         RF data          01 01 0000f000 00001000[0m
[0;32mI (73) boot:  2 factory          factory app      00 00 00010000 00100000[0m
[0;32mI (80) boot: End of partition table[0m
[0;32mI (83) esp_image: segment 0: paddr=00010020 vaddr=3f400020 size=09cbch ( 40124) map[0m
[0;32mI (104) esp_image: segment 1: paddr=00019ce4 vaddr=3ff80064 size=0001ch (    28) [0m
[0;32mI (105) esp_image: segment 2: paddr=00019d08 vaddr=3ffb0000 size=02304h (  8964) load[0m
[0;32mI (111) esp_image: segment 3: paddr=0001c014 vaddr=40080000 size=04004h ( 16388) load[0m
[0;32mI (122) esp_image: segment 4: paddr=00020020 vaddr=400d0020 size=139d8h ( 80344) map[0m
[0;32mI (150) esp_image: segment 5: paddr=00033a00 vaddr=40084004 size=09cd8h ( 40152) load[0m
[0;32mI (166) esp_image: segment 6: paddr=0003d6e0 vaddr=400c0000 size=00064h (   100) [0m
[0;32mI (166) esp_image: segment 7: paddr=0003d74c vaddr=50000000 size=00004h (     4) [0m
[0;32mI (176) boot: Loaded app from partition at offset 0x10000[0m
[0;32mI (176) boot: Disabling RNG early entropy source...[0m
[0;32mI (191) cpu_start: Multicore app[0m
[0;32mI (199) cpu_start: Pro cpu start user code[0m
[0;32mI (199) cpu_start: cpu freq: 160000000 Hz[0m
[0;32mI (200) app_init: Application information:[0m
[0;32mI (200) app_init: Project name:     low-power[0m
[0;32mI (204) app_init: App version:      f549b56-dirty[0m
[0;32mI (208) app_init: Compile time:     Jun 27 2025 17:33:48[0m
[0;32mI (213) app_init: ELF file SHA256:  21576ada5...[0m
[0;32mI (217) app_init: ESP-IDF:          v5.4.1-dirty[0m
[0;32mI (222) efuse_init: Min chip rev:     v0.0[0m
[0;32mI (226) efuse_init: Max chip rev:     v3.99 [0m
[0;32mI (230) efuse_init: Chip rev:         v3.0[0m
[0;32mI (234) heap_init: Initializing. RAM available for dynamic allocation:[0m
[0;32mI (240) heap_init: At 3FFAE6E0 len 00001920 (6 KiB): DRAM[0m
[0;32mI (245) heap_init: At 3FFB2BE0 len 0002D420 (181 KiB): DRAM[0m
[0;32mI (250) heap_init: At 3FFE0440 len 00003AE0 (14 KiB): D/IRAM[0m
[0;32mI (255) heap_init: At 3FFE4350 len 0001BCB0 (111 KiB): D/IRAM[0m
[0;32mI (261) heap_init: At 4008DCDC len 00012324 (72 KiB): IRAM[0m
[0;32mI (268) spi_flash: detected chip: generic[0m
[0;32mI (270) spi_flash: flash io: dio[0m
[0;33mW (273) spi_flash: Detected size(4096k) larger than the size in the binary image header(2048k). Using the size in the binary image header.[0m
[0;32mI (286) main_task: Started on CPU0[0m
[0;32mI (296) main_task: Calling app_main()[0m
Acordou 14 vezes
Entrando em deep sleep
ets Jul 29 2019 12:21:46

rst:0x5 (DEEPSLEEP_RESET),boot:0x13 (SPI_FAST_FLASH_BOOT)
configsip: 0, SPIWP:0xee
clk_drv:0x00,q_drv:0x00,d_drv:0x00,cs0_drv:0x00,hd_drv:0x00,wp_drv:0x00
mode:DIO, clock div:2
load:0x3fff0030,len:6276
load:0x40078000,len:15748
load:0x40080400,len:4
ho 8 tail 4 room 4
load:0x40080404,len:3860
entry 0x4008063c
[0;32mI (31) boot: ESP-IDF v5.4.1-dirty 2nd stage bootloader[0m
[0;32mI (31) boot: compile time Jun 27 2025 17:22:24[0m
[0;32mI (31) boot: Multicore bootloader[0m
[0;32mI (33) boot: chip revision: v3.0[0m
[0;32mI (36) boot.esp32: SPI Speed      : 40MHz[0m
[0;32mI (40) boot.esp32: SPI Mode       : DIO[0m
[0;32mI (43) boot.esp32: SPI Flash Size : 2MB[0m
[0;32mI (47) boot: Enabling RNG early entropy source...[0m
[0;32mI (51) boot: Partition Table:[0m
[0;32mI (54) boot: ## Label            Usage          Type ST Offset   Length[0m
[0;32mI (60) boot:  0 nvs              WiFi data        01 02 00009000 00006000[0m
[0;32mI (67) boot:  1 phy_init         RF data          01 01 0000f000 00001000[0m
[0;32mI (73) boot:  2 factory          factory app      00 00 00010000 00100000[0m
[0;32mI (80) boot: End of partition table[0m
[0;32mI (83) esp_image: segment 0: paddr=00010020 vaddr=3f400020 size=09cbch ( 40124) map[0m
[0;32mI (104) esp_image: segment 1: paddr=00019ce4 vaddr=3ff80064 size=0001ch (    28) [0m
[0;32mI (105) esp_image: segment 2: paddr=00019d08 vaddr=3ffb0000 size=02304h (  8964) load[0m
[0;32mI (111) esp_image: segment 3: paddr=0001c014 vaddr=40080000 size=04004h ( 16388) load[0m
[0;32mI (122) esp_image: segment 4: paddr=00020020 vaddr=400d0020 size=139d8h ( 80344) map[0m
[0;32mI (150) esp_image: segment 5: paddr=00033a00 vaddr=40084004 size=09cd8h ( 40152) load[0m
[0;32mI (166) esp_image: segment 6: paddr=0003d6e0 vaddr=400c0000 size=00064h (   100) [0m
[0;32mI (166) esp_image: segment 7: paddr=0003d74c vaddr=50000000 size=00004h (     4) [0m
[0;32mI (176) boot: Loaded app from partition at offset 0x10000[0m
[0;32mI (176) boot: Disabling RNG early entropy source...[0m
[0;32mI (191) cpu_start: Multicore app[0m
[0;32mI (199) cpu_start: Pro cpu start user code[0m
[0;32mI (199) cpu_start: cpu freq: 160000000 Hz[0m
[0;32mI (200) app_init: Application information:[0m
[0;32mI (200) app_init: Project name:     low-power[0m
[0;32mI (204) app_init: App version:      f549b56-dirty[0m
[0;32mI (208) app_init: Compile time:     Jun 27 2025 17:33:48[0m
[0;32mI (213) app_init: ELF file SHA256:  21576ada5...[0m
[0;32mI (217) app_init: ESP-IDF:          v5.4.1-dirty[0m
[0;32mI (222) efuse_init: Min chip rev:     v0.0[0m
[0;32mI (226) efuse_init: Max chip rev:     v3.99 [0m
[0;32mI (230) efuse_init: Chip rev:         v3.0[0m
[0;32mI (234) heap_init: Initializing. RAM available for dynamic allocation:[0m
[0;32mI (240) heap_init: At 3FFAE6E0 len 00001920 (6 KiB): DRAM[0m
[0;32mI (245) heap_init: At 3FFB2BE0 len 0002D420 (181 KiB): DRAM[0m
[0;32mI (250) heap_init: At 3FFE0440 len 00003AE0 (14 KiB): D/IRAM[0m
[0;32mI (255) heap_init: At 3FFE4350 len 0001BCB0 (111 KiB): D/IRAM[0m
[0;32mI (261) heap_init: At 4008DCDC len 00012324 (72 KiB): IRAM[0m
[0;32mI (268) spi_flash: detected chip: generic[0m
[0;32mI (270) spi_flash: flash io: dio[0m
[0;33mW (273) spi_flash: Detected size(4096k) larger than the size in the binary image header(2048k). Using the size in the binary image header.[0m
[0;32mI (286) main_task: Started on CPU0[0m
[0;32mI (296) main_task: Calling app_main()[0m
Acordou 15 vezes
Entrando em deep sleep
ets Jul 29 2019 12:21:46

rst:0x5 (DEEPSLEEP_RESET),boot:0x13 (SPI_FAST_FLASH_BOOT)
configsip: 0, SPIWP:0xee
clk_drv:0x00,q_drv:0x00,d_drv:0x00,cs0_drv:0x00,hd_drv:0x00,wp_drv:0x00
mode:DIO, clock div:2
load:0x3fff0030,len:6276
load:0x40078000,len:15748
load:0x40080400,len:4
ho 8 tail 4 room 4
load:0x40080404,len:3860
entry 0x4008063c
[0;32mI (31) boot: ESP-IDF v5.4.1-dirty 2nd stage bootloader[0m
[0;32mI (31) boot: compile time Jun 27 2025 17:22:24[0m
[0;32mI (31) boot: Multicore bootloader[0m
[0;32mI (33) boot: chip revision: v3.0[0m
[0;32mI (36) boot.esp32: SPI Speed      : 40MHz[0m
[0;32mI (40) boot.esp32: SPI Mode       : DIO[0m
[0;32mI (43) boot.esp32: SPI Flash Size : 2MB[0m
[0;32mI (47) boot: Enabling RNG early entropy source...[0m
[0;32mI (51) boot: Partition Table:[0m
[0;32mI (54) boot: ## Label            Usage          Type ST Offset   Length[0m
[0;32mI (60) boot:  0 nvs              WiFi data        01 02 00009000 00006000[0m
[0;32mI (67) boot:  1 phy_init         RF data          01 01 0000f000 00001000[0m
[0;32mI (73) boot:  2 factory          factory app      00 00 00010000 00100000[0m
[0;32mI (80) boot: End of partition table[0m
[0;32mI (83) esp_image: segment 0: paddr=00010020 vaddr=3f400020 size=09cbch ( 40124) map[0m
[0;32mI (104) esp_image: segment 1: paddr=00019ce4 vaddr=3ff80064 size=0001ch (    28) [0m
[0;32mI (105) esp_image: segment 2: paddr=00019d08 vaddr=3ffb0000 size=02304h (  8964) load[0m
[0;32mI (111) esp_image: segment 3: paddr=0001c014 vaddr=40080000 size=04004h ( 16388) load[0m
[0;32mI (122) esp_image: segment 4: paddr=00020020 vaddr=400d0020 size=139d8h ( 80344) map[0m
[0;32mI (150) esp_image: segment 5: paddr=00033a00 vaddr=40084004 size=09cd8h ( 40152) load[0m
[0;32mI (166) esp_image: segment 6: paddr=0003d6e0 vaddr=400c0000 size=00064h (   100) [0m
[0;32mI (166) esp_image: segment 7: paddr=0003d74c vaddr=50000000 size=00004h (     4) [0m
[0;32mI (176) boot: Loaded app from partition at offset 0x10000[0m
[0;32mI (176) boot: Disabling RNG early entropy source...[0m
[0;32mI (191) cpu_start: Multicore app[0m
[0;32mI (199) cpu_start: Pro cpu start user code[0m
[0;32mI (199) cpu_start: cpu freq: 160000000 Hz[0m
[0;32mI (200) app_init: Application information:[0m
[0;32mI (200) app_init: Project name:     low-power[0m
[0;32mI (204) app_init: App version:      f549b56-dirty[0m
[0;32mI (208) app_init: Compile time:     Jun 27 2025 17:33:48[0m
[0;32mI (213) app_init: ELF file SHA256:  21576ada5...[0m
[0;32mI (217) app_init: ESP-IDF:          v5.4.1-dirty[0m
[0;32mI (222) efuse_init: Min chip rev:     v0.0[0m
[0;32mI (226) efuse_init: Max chip rev:     v3.99 [0m
[0;32mI (230) efuse_init: Chip rev:         v3.0[0m
[0;32mI (234) heap_init: Initializing. RAM available for dynamic allocation:[0m
[0;32mI (240) heap_init: At 3FFAE6E0 len 00001920 (6 KiB): DRAM[0m
[0;32mI (245) heap_init: At 3FFB2BE0 len 0002D420 (181 KiB): DRAM[0m
[0;32mI (250) heap_init: At 3FFE0440 len 00003AE0 (14 KiB): D/IRAM[0m
[0;32mI (255) heap_init: At 3FFE4350 len 0001BCB0 (111 KiB): D/IRAM[0m
[0;32mI (261) heap_init: At 4008DCDC len 00012324 (72 KiB): IRAM[0m
[0;32mI (268) spi_flash: detected chip: generic[0m
[0;32mI (270) spi_flash: flash io: dio[0m
[0;33mW (273) spi_flash: Detected size(4096k) larger than the size in the binary image header(2048k). Using the size in the binary image header.[0m
[0;32mI (286) main_task: Started on CPU0[0m
[0;32mI (296) main_task: Calling app_main()[0m
Acordou 16 vezes
Entrando em deep sleep
ets Jul 29 2019 12:21:46

rst:0x5 (DEEPSLEEP_RESET),boot:0x13 (SPI_FAST_FLASH_BOOT)
configsip: 0, SPIWP:0xee
clk_drv:0x00,q_drv:0x00,d_drv:0x00,cs0_drv:0x00,hd_drv:0x00,wp_drv:0x00
mode:DIO, clock div:2
load:0x3fff0030,len:6276
load:0x40078000,len:15748
load:0x40080400,len:4
ho 8 tail 4 room 4
load:0x40080404,len:3860
entry 0x4008063c
[0;32mI (31) boot: ESP-IDF v5.4.1-dirty 2nd stage bootloader[0m
[0;32mI (31) boot: compile time Jun 27 2025 17:22:24[0m
[0;32mI (31) boot: Multicore bootloader[0m
[0;32mI (33) boot: chip revision: v3.0[0m
[0;32mI (36) boot.esp32: SPI Speed      : 40MHz[0m
[0;32mI (40) boot.esp32: SPI Mode       : DIO[0m
[0;32mI (43) boot.esp32: SPI Flash Size : 2MB[0m
[0;32mI (47) boot: Enabling RNG early entropy source...[0m
[0;32mI (51) boot: Partition Table:[0m
[0;32mI (54) boot: ## Label            Usage          Type ST Offset   Length[0m
[0;32mI (60) boot:  0 nvs              WiFi data        01 02 00009000 00006000[0m
[0;32mI (67) boot:  1 phy_init         RF data          01 01 0000f000 00001000[0m
[0;32mI (73) boot:  2 factory          factory app      00 00 00010000 00100000[0m
[0;32mI (80) boot: End of partition table[0m
[0;32mI (83) esp_image: segment 0: paddr=00010020 vaddr=3f400020 size=09cbch ( 40124) map[0m
[0;32mI (104) esp_image: segment 1: paddr=00019ce4 vaddr=3ff80064 size=0001ch (    28) [0m
[0;32mI (105) esp_image: segment 2: paddr=00019d08 vaddr=3ffb0000 size=02304h (  8964) load[0m
[0;32mI (111) esp_image: segment 3: paddr=0001c014 vaddr=40080000 size=04004h ( 16388) load[0m
[0;32mI (122) esp_image: segment 4: paddr=00020020 vaddr=400d0020 size=139d8h ( 80344) map[0m
[0;32mI (150) esp_image: segment 5: paddr=00033a00 vaddr=40084004 size=09cd8h ( 40152) load[0m
[0;32mI (166) esp_image: segment 6: paddr=0003d6e0 vaddr=400c0000 size=00064h (   100) [0m
[0;32mI (166) esp_image: segment 7: paddr=0003d74c vaddr=50000000 size=00004h (     4) [0m
[0;32mI (176) boot: Loaded app from partition at offset 0x10000[0m
[0;32mI (176) boot: Disabling RNG early entropy source...[0m
[0;32mI (191) cpu_start: Multicore app[0m
[0;32mI (199) cpu_start: Pro cpu start user code[0m
[0;32mI (199) cpu_start: cpu freq: 160000000 Hz[0m
[0;32mI (200) app_init: Application information:[0m
[0;32mI (200) app_init: Project name:     low-power[0m
[0;32mI (204) app_init: App version:      f549b56-dirty[0m
[0;32mI (208) app_init: Compile time:     Jun 27 2025 17:33:48[0m
[0;32mI (213) app_init: ELF file SHA256:  21576ada5...[0m
[0;32mI (217) app_init: ESP-IDF:          v5.4.1-dirty[0m
[0;32mI (222) efuse_init: Min chip rev:     v0.0[0m
[0;32mI (226) efuse_init: Max chip rev:     v3.99 [0m
[0;32mI (230) efuse_init: Chip rev:         v3.0[0m
[0;32mI (234) heap_init: Initializing. RAM available for dynamic allocation:[0m
[0;32mI (240) heap_init: At 3FFAE6E0 len 00001920 (6 KiB): DRAM[0m
[0;32mI (245) heap_init: At 3FFB2BE0 len 0002D420 (181 KiB): DRAM[0m
[0;32mI (250) heap_init: At 3FFE0440 len 00003AE0 (14 KiB): D/IRAM[0m
[0;32mI (255) heap_init: At 3FFE4350 len 0001BCB0 (111 KiB): D/IRAM[0m
[0;32mI (261) heap_init: At 4008DCDC len 00012324 (72 KiB): IRAM[0m
[0;32mI (268) spi_flash: detected chip: generic[0m
[0;32mI (270) spi_flash: flash io: dio[0m
[0;33mW (273) spi_flash: Detected size(4096k) larger than the size in the binary image header(2048k). Using the size in the binary image header.[0m
[0;32mI (286) main_task: Started on CPU0[0m
[0;32mI (296) main_task: Calling app_main()[0m
Acordou 17 vezes
Entrando em deep sleep
ets Jul 29 2019 12:21:46

rst:0x5 (DEEPSLEEP_RESET),boot:0x13 (SPI_FAST_FLASH_BOOT)
configsip: 0, SPIWP:0xee
clk_drv:0x00,q_drv:0x00,d_drv:0x00,cs0_drv:0x00,hd_drv:0x00,wp_drv:0x00
mode:DIO, clock div:2
load:0x3fff0030,len:6276
load:0x40078000,len:15748
load:0x40080400,len:4
ho 8 tail 4 room 4
load:0x40080404,len:3860
entry 0x4008063c
[0;32mI (31) boot: ESP-IDF v5.4.1-dirty 2nd stage bootloader[0m
[0;32mI (31) boot: compile time Jun 27 2025 17:22:24[0m
[0;32mI (31) boot: Multicore bootloader[0m
[0;32mI (33) boot: chip revision: v3.0[0m
[0;32mI (36) boot.esp32: SPI Speed      : 40MHz[0m
[0;32mI (40) boot.esp32: SPI Mode       : DIO[0m
[0;32mI (43) boot.esp32: SPI Flash Size : 2MB[0m
[0;32mI (47) boot: Enabling RNG early entropy source...[0m
[0;32mI (51) boot: Partition Table:[0m
[0;32mI (54) boot: ## Label            Usage          Type ST Offset   Length[0m
[0;32mI (60) boot:  0 nvs              WiFi data        01 02 00009000 00006000[0m
[0;32mI (67) boot:  1 phy_init         RF data          01 01 0000f000 00001000[0m
[0;32mI (73) boot:  2 factory          factory app      00 00 00010000 00100000[0m
[0;32mI (80) boot: End of partition table[0m
[0;32mI (83) esp_image: segment 0: paddr=00010020 vaddr=3f400020 size=09cbch ( 40124) map[0m
[0;32mI (104) esp_image: segment 1: paddr=00019ce4 vaddr=3ff80064 size=0001ch (    28) [0m
[0;32mI (105) esp_image: segment 2: paddr=00019d08 vaddr=3ffb0000 size=02304h (  8964) load[0m
[0;32mI (111) esp_image: segment 3: paddr=0001c014 vaddr=40080000 size=04004h ( 16388) load[0m
[0;32mI (122) esp_image: segment 4: paddr=00020020 vaddr=400d0020 size=139d8h ( 80344) map[0m
[0;32mI (150) esp_image: segment 5: paddr=00033a00 vaddr=40084004 size=09cd8h ( 40152) load[0m
[0;32mI (166) esp_image: segment 6: paddr=0003d6e0 vaddr=400c0000 size=00064h (   100) [0m
[0;32mI (166) esp_image: segment 7: paddr=0003d74c vaddr=50000000 size=00004h (     4) [0m
[0;32mI (176) boot: Loaded app from partition at offset 0x10000[0m
[0;32mI (176) boot: Disabling RNG early entropy source...[0m
[0;32mI (191) cpu_start: Multicore app[0m
[0;32mI (199) cpu_start: Pro cpu start user code[0m
[0;32mI (199) cpu_start: cpu freq: 160000000 Hz[0m
[0;32mI (200) app_init: Application information:[0m
[0;32mI (200) app_init: Project name:     low-power[0m
[0;32mI (204) app_init: App version:      f549b56-dirty[0m
[0;32mI (208) app_init: Compile time:     Jun 27 2025 17:33:48[0m
[0;32mI (213) app_init: ELF file SHA256:  21576ada5...[0m
[0;32mI (217) app_init: ESP-IDF:          v5.4.1-dirty[0m
[0;32mI (222) efuse_init: Min chip rev:     v0.0[0m
[0;32mI (226) efuse_init: Max chip rev:     v3.99 [0m
[0;32mI (230) efuse_init: Chip rev:         v3.0[0m
[0;32mI (234) heap_init: Initializing. RAM available for dynamic allocation:[0m
[0;32mI (240) heap_init: At 3FFAE6E0 len 00001920 (6 KiB): DRAM[0m
[0;32mI (245) heap_init: At 3FFB2BE0 len 0002D420 (181 KiB): DRAM[0m
[0;32mI (250) heap_init: At 3FFE0440 len 00003AE0 (14 KiB): D/IRAM[0m
[0;32mI (255) heap_init: At 3FFE4350 len 0001BCB0 (111 KiB): D/IRAM[0m
[0;32mI (261) heap_init: At 4008DCDC len 00012324 (72 KiB): IRAM[0m
[0;32mI (268) spi_flash: detected chip: generic[0m
[0;32mI (270) spi_flash: flash io: dio[0m
[0;33mW (273) spi_flash: Detected size(4096k) larger than the size in the binary image header(2048k). Using the size in the binary image header.[0m
[0;32mI (286) main_task: Started on CPU0[0m
[0;32mI (296) main_task: Calling app_main()[0m
Acordou 18 vezes
Entrando em deep sleep
ets Jul 29 2019 12:21:46

rst:0x5 (DEEPSLEEP_RESET),boot:0x13 (SPI_FAST_FLASH_BOOT)
configsip: 0, SPIWP:0xee
clk_drv:0x00,q_drv:0x00,d_drv:0x00,cs0_drv:0x00,hd_drv:0x00,wp_drv:0x00
mode:DIO, clock div:2
load:0x3fff0030,len:6276
load:0x40078000,len:15748
load:0x40080400,len:4
ho 8 tail 4 room 4
load:0x40080404,len:3860
entry 0x4008063c
[0;32mI (31) boot: ESP-IDF v5.4.1-dirty 2nd stage bootloader[0m
[0;32mI (31) boot: compile time Jun 27 2025 17:22:24[0m
[0;32mI (31) boot: Multicore bootloader[0m
[0;32mI (33) boot: chip revision: v3.0[0m
[0;32mI (36) boot.esp32: SPI Speed      : 40MHz[0m
[0;32mI (40) boot.esp32: SPI Mode       : DIO[0m
[0;32mI (43) boot.esp32: SPI Flash Size : 2MB[0m
[0;32mI (47) boot: Enabling RNG early entropy source...[0m
[0;32mI (51) boot: Partition Table:[0m
[0;32mI (54) boot: ## Label            Usage          Type ST Offset   Length[0m
[0;32mI (60) boot:  0 nvs              WiFi data        01 02 00009000 00006000[0m
[0;32mI (67) boot:  1 phy_init         RF data          01 01 0000f000 00001000[0m
[0;32mI (73) boot:  2 factory          factory app      00 00 00010000 00100000[0m
[0;32mI (80) boot: End of partition table[0m
[0;32mI (83) esp_image: segment 0: paddr=00010020 vaddr=3f400020 size=09cbch ( 40124) map[0m
[0;32mI (104) esp_image: segment 1: paddr=00019ce4 vaddr=3ff80064 size=0001ch (    28) [0m
[0;32mI (105) esp_image: segment 2: paddr=00019d08 vaddr=3ffb0000 size=02304h (  8964) load[0m
[0;32mI (111) esp_image: segment 3: paddr=0001c014 vaddr=40080000 size=04004h ( 16388) load[0m
[0;32mI (122) esp_image: segment 4: paddr=00020020 vaddr=400d0020 size=139d8h ( 80344) map[0m
[0;32mI (150) esp_image: segment 5: paddr=00033a00 vaddr=40084004 size=09cd8h ( 40152) load[0m
[0;32mI (166) esp_image: segment 6: paddr=0003d6e0 vaddr=400c0000 size=00064h (   100) [0m
[0;32mI (166) esp_image: segment 7: paddr=0003d74c vaddr=50000000 size=00004h (     4) [0m
[0;32mI (176) boot: Loaded app from partition at offset 0x10000[0m
[0;32mI (176) boot: Disabling RNG early entropy source...[0m
[0;32mI (191) cpu_start: Multicore app[0m
[0;32mI (199) cpu_start: Pro cpu start user code[0m
[0;32mI (199) cpu_start: cpu freq: 160000000 Hz[0m
[0;32mI (200) app_init: Application information:[0m
[0;32mI (200) app_init: Project name:     low-power[0m
[0;32mI (204) app_init: App version:      f549b56-dirty[0m
[0;32mI (208) app_init: Compile time:     Jun 27 2025 17:33:48[0m
[0;32mI (213) app_init: ELF file SHA256:  21576ada5...[0m
[0;32mI (217) app_init: ESP-IDF:          v5.4.1-dirty[0m
[0;32mI (222) efuse_init: Min chip rev:     v0.0[0m
[0;32mI (226) efuse_init: Max chip rev:     v3.99 [0m
[0;32mI (230) efuse_init: Chip rev:         v3.0[0m
[0;32mI (234) heap_init: Initializing. RAM available for dynamic allocation:[0m
[0;32mI (240) heap_init: At 3FFAE6E0 len 00001920 (6 KiB): DRAM[0m
[0;32mI (245) heap_init: At 3FFB2BE0 len 0002D420 (181 KiB): DRAM[0m
[0;32mI (250) heap_init: At 3FFE0440 len 00003AE0 (14 KiB): D/IRAM[0m
[0;32mI (255) heap_init: At 3FFE4350 len 0001BCB0 (111 KiB): D/IRAM[0m
[0;32mI (261) heap_init: At 4008DCDC len 00012324 (72 KiB): IRAM[0m
[0;32mI (268) spi_flash: detected chip: generic[0m
[0;32mI (270) spi_flash: flash io: dio[0m
[0;33mW (273) spi_flash: Detected size(4096k) larger than the size in the binary image header(2048k). Using the size in the binary image header.[0m
[0;32mI (286) main_task: Started on CPU0[0m
[0;32mI (296) main_task: Calling app_main()[0m
Acordou 19 vezes
Entrando em deep sleep
ets Jul 29 2019 12:21:46

rst:0x5 (DEEPSLEEP_RESET),boot:0x13 (SPI_FAST_FLASH_BOOT)
configsip: 0, SPIWP:0xee
clk_drv:0x00,q_drv:0x00,d_drv:0x00,cs0_drv:0x00,hd_drv:0x00,wp_drv:0x00
mode:DIO, clock div:2
load:0x3fff0030,len:6276
load:0x40078000,len:15748
load:0x40080400,len:4
ho 8 tail 4 room 4
load:0x40080404,len:3860
entry 0x4008063c
[0;32mI (31) boot: ESP-IDF v5.4.1-dirty 2nd stage bootloader[0m
[0;32mI (31) boot: compile time Jun 27 2025 17:22:24[0m
[0;32mI (31) boot: Multicore bootloader[0m
[0;32mI (33) boot: chip revision: v3.0[0m
[0;32mI (36) boot.esp32: SPI Speed      : 40MHz[0m
[0;32mI (40) boot.esp32: SPI Mode       : DIO[0m
[0;32mI (43) boot.esp32: SPI Flash Size : 2MB[0m
[0;32mI (47) boot: Enabling RNG early entropy source...[0m
[0;32mI (51) boot: Partition Table:[0m
[0;32mI (54) boot: ## Label            Usage          Type ST Offset   Length[0m
[0;32mI (60) boot:  0 nvs              WiFi data        01 02 00009000 00006000[0m
[0;32mI (67) boot:  1 phy_init         RF data          01 01 0000f000 00001000[0m
[0;32mI (73) boot:  2 factory          factory app      00 00 00010000 00100000[0m
[0;32mI (80) boot: End of partition table[0m
[0;32mI (83) esp_image: segment 0: paddr=00010020 vaddr=3f400020 size=09cbch ( 40124) map[0m
[0;32mI (104) esp_image: segment 1: paddr=00019ce4 vaddr=3ff80064 size=0001ch (    28) [0m
[0;32mI (105) esp_image: segment 2: paddr=00019d08 vaddr=3ffb0000 size=02304h (  8964) load[0m
[0;32mI (111) esp_image: segment 3: paddr=0001c014 vaddr=40080000 size=04004h ( 16388) load[0m
[0;32mI (122) esp_image: segment 4: paddr=00020020 vaddr=400d0020 size=139d8h ( 80344) map[0m
[0;32mI (150) esp_image: segment 5: paddr=00033a00 vaddr=40084004 size=09cd8h ( 40152) load[0m
[0;32mI (166) esp_image: segment 6: paddr=0003d6e0 vaddr=400c0000 size=00064h (   100) [0m
[0;32mI (166) esp_image: segment 7: paddr=0003d74c vaddr=50000000 size=00004h (     4) [0m
[0;32mI (176) boot: Loaded app from partition at offset 0x10000[0m
[0;32mI (176) boot: Disabling RNG early entropy source...[0m
[0;32mI (191) cpu_start: Multicore app[0m
[0;32mI (199) cpu_start: Pro cpu start user code[0m
[0;32mI (199) cpu_start: cpu freq: 160000000 Hz[0m
[0;32mI (200) app_init: Application information:[0m
[0;32mI (200) app_init: Project name:     low-power[0m
[0;32mI (204) app_init: App version:      f549b56-dirty[0m
[0;32mI (208) app_init: Compile time:     Jun 27 2025 17:33:48[0m
[0;32mI (213) app_init: ELF file SHA256:  21576ada5...[0m
[0;32mI (217) app_init: ESP-IDF:          v5.4.1-dirty[0m
[0;32mI (222) efuse_init: Min chip rev:     v0.0[0m
[0;32mI (226) efuse_init: Max chip rev:     v3.99 [0m
[0;32mI (230) efuse_init: Chip rev:         v3.0[0m
[0;32mI (234) heap_init: Initializing. RAM available for dynamic allocation:[0m
[0;32mI (240) heap_init: At 3FFAE6E0 len 00001920 (6 KiB): DRAM[0m
[0;32mI (245) heap_init: At 3FFB2BE0 len 0002D420 (181 KiB): DRAM[0m
[0;32mI (250) heap_init: At 3FFE0440 len 00003AE0 (14 KiB): D/IRAM[0m
[0;32mI (255) heap_init: At 3FFE4350 len 0001BCB0 (111 KiB): D/IRAM[0m
[0;32mI (261) heap_init: At 4008DCDC len 00012324 (72 KiB): IRAM[0m
[0;32mI (268) spi_flash: detected chip: generic[0m
[0;32mI (270) spi_flash: flash io: dio[0m
[0;33mW (273) spi_flash: Detected size(4096k) larger than the size in the binary image header(2048k). Using the size in the binary image header.[0m
[0;32mI (286) main_task: Started on CPU0[0m
[0;32mI (296) main_task: Calling app_main()[0m
Acordou 20 vezes
Entrando em deep sleep
ets Jul 29 2019 12:21:46

rst:0x5 (DEEPSLEEP_RESET),boot:0x13 (SPI_FAST_FLASH_BOOT)
configsip: 0, SPIWP:0xee
clk_drv:0x00,q_drv:0x00,d_drv:0x00,cs0_drv:0x00,hd_drv:0x00,wp_drv:0x00
mode:DIO, clock div:2
load:0x3fff0030,len:6276
load:0x40078000,len:15748
load:0x40080400,len:4
ho 8 tail 4 room 4
load:0x40080404,len:3860
entry 0x4008063c
[0;32mI (31) boot: ESP-IDF v5.4.1-dirty 2nd stage bootloader[0m
[0;32mI (31) boot: compile time Jun 27 2025 17:22:24[0m
[0;32mI (31) boot: Multicore bootloader[0m
[0;32mI (33) boot: chip revision: v3.0[0m
[0;32mI (36) boot.esp32: SPI Speed      : 40MHz[0m
[0;32mI (40) boot.esp32: SPI Mode       : DIO[0m
[0;32mI (43) boot.esp32: SPI Flash Size : 2MB[0m
[0;32mI (47) boot: Enabling RNG early entropy source...[0m
[0;32mI (51) boot: Partition Table:[0m
[0;32mI (54) boot: ## Label            Usage          Type ST Offset   Length[0m
[0;32mI (60) boot:  0 nvs              WiFi data        01 02 00009000 00006000[0m
[0;32mI (67) boot:  1 phy_init         RF data          01 01 0000f000 00001000[0m
[0;32mI (73) boot:  2 factory          factory app      00 00 00010000 00100000[0m
[0;32mI (80) boot: End of partition table[0m
[0;32mI (83) esp_image: segment 0: paddr=00010020 vaddr=3f400020 size=09cbch ( 40124) map[0m
[0;32mI (104) esp_image: segment 1: paddr=00019ce4 vaddr=3ff80064 size=0001ch (    28) [0m
[0;32mI (105) esp_image: segment 2: paddr=00019d08 vaddr=3ffb0000 size=02304h (  8964) load[0m
[0;32mI (111) esp_image: segment 3: paddr=0001c014 vaddr=40080000 size=04004h ( 16388) load[0m
[0;32mI (122) esp_image: segment 4: paddr=00020020 vaddr=400d0020 size=139d8h ( 80344) map[0m
[0;32mI (150) esp_image: segment 5: paddr=00033a00 vaddr=40084004 size=09cd8h ( 40152) load[0m
[0;32mI (166) esp_image: segment 6: paddr=0003d6e0 vaddr=400c0000 size=00064h (   100) [0m
[0;32mI (166) esp_image: segment 7: paddr=0003d74c vaddr=50000000 size=00004h (     4) [0m
[0;32mI (176) boot: Loaded app from partition at offset 0x10000[0m
[0;32mI (176) boot: Disabling RNG early entropy source...[0m
[0;32mI (191) cpu_start: Multicore app[0m
[0;32mI (199) cpu_start: Pro cpu start user code[0m
[0;32mI (199) cpu_start: cpu freq: 160000000 Hz[0m
[0;32mI (200) app_init: Application information:[0m
[0;32mI (200) app_init: Project name:     low-power[0m
[0;32mI (204) app_init: App version:      f549b56-dirty[0m
[0;32mI (208) app_init: Compile time:     Jun 27 2025 17:33:48[0m
[0;32mI (213) app_init: ELF file SHA256:  21576ada5...[0m
[0;32mI (217) app_init: ESP-IDF:          v5.4.1-dirty[0m
[0;32mI (222) efuse_init: Min chip rev:     v0.0[0m
[0;32mI (226) efuse_init: Max chip rev:     v3.99 [0m
[0;32mI (230) efuse_init: Chip rev:         v3.0[0m
[0;32mI (234) heap_init: Initializing. RAM available for dynamic allocation:[0m
[0;32mI (240) heap_init: At 3FFAE6E0 len 00001920 (6 KiB): DRAM[0m
[0;32mI (245) heap_init: At 3FFB2BE0 len 0002D420 (181 KiB): DRAM[0m
[0;32mI (250) heap_init: At 3FFE0440 len 00003AE0 (14 KiB): D/IRAM[0m
[0;32mI (255) heap_init: At 3FFE4350 len 0001BCB0 (111 KiB): D/IRAM[0m
[0;32mI (261) heap_init: At 4008DCDC len 00012324 (72 KiB): IRAM[0m
[0;32mI (268) spi_flash: detected chip: generic[0m
[0;32mI (270) spi_flash: flash io: dio[0m
[0;33mW (273) spi_flash: Detected size(4096k) larger than the size in the binary image header(2048k). Using the size in the binary image header.[0m
[0;32mI (286) main_task: Started on CPU0[0m
[0;32mI (296) main_task: Calling app_main()[0m
Acordou 21 vezes
Entrando em deep sleep
ets Jul 29 2019 12:21:46

rst:0x5 (DEEPSLEEP_RESET),boot:0x13 (SPI_FAST_FLASH_BOOT)
configsip: 0, SPIWP:0xee
clk_drv:0x00,q_drv:0x00,d_drv:0x00,cs0_drv:0x00,hd_drv:0x00,wp_drv:0x00
mode:DIO, clock div:2
load:0x3fff0030,len:6276
load:0x40078000,len:15748
load:0x40080400,len:4
ho 8 tail 4 room 4
load:0x40080404,len:3860
entry 0x4008063c
[0;32mI (31) boot: ESP-IDF v5.4.1-dirty 2nd stage bootloader[0m
[0;32mI (31) boot: compile time Jun 27 2025 17:22:24[0m
[0;32mI (31) boot: Multicore bootloader[0m
[0;32mI (33) boot: chip revision: v3.0[0m
[0;32mI (36) boot.esp32: SPI Speed      : 40MHz[0m
[0;32mI (40) boot.esp32: SPI Mode       : DIO[0m
[0;32mI (43) boot.esp32: SPI Flash Size : 2MB[0m
[0;32mI (47) boot: Enabling RNG early entropy source...[0m
[0;32mI (51) boot: Partition Table:[0m
[0;32mI (54) boot: ## Label            Usage          Type ST Offset   Length[0m
[0;32mI (60) boot:  0 nvs              WiFi data        01 02 00009000 00006000[0m
[0;32mI (67) boot:  1 phy_init         RF data          01 01 0000f000 00001000[0m
[0;32mI (73) boot:  2 factory          factory app      00 00 00010000 00100000[0m
[0;32mI (80) boot: End of partition table[0m
[0;32mI (83) esp_image: segment 0: paddr=00010020 vaddr=3f400020 size=09cbch ( 40124) map[0m
[0;32mI (104) esp_image: segment 1: paddr=00019ce4 vaddr=3ff80064 size=0001ch (    28) [0m
[0;32mI (105) esp_image: segment 2: paddr=00019d08 vaddr=3ffb0000 size=02304h (  8964) load[0m
[0;32mI (111) esp_image: segment 3: paddr=0001c014 vaddr=40080000 size=04004h ( 16388) load[0m
[0;32mI (122) esp_image: segment 4: paddr=00020020 vaddr=400d0020 size=139d8h ( 80344) map[0m
[0;32mI (150) esp_image: segment 5: paddr=00033a00 vaddr=40084004 size=09cd8h ( 40152) load[0m
[0;32mI (166) esp_image: segment 6: paddr=0003d6e0 vaddr=400c0000 size=00064h (   100) [0m
[0;32mI (166) esp_image: segment 7: paddr=0003d74c vaddr=50000000 size=00004h (     4) [0m
[0;32mI (176) boot: Loaded app from partition at offset 0x10000[0m
[0;32mI (176) boot: Disabling RNG early entropy source...[0m
[0;32mI (191) cpu_start: Multicore app[0m
[0;32mI (199) cpu_start: Pro cpu start user code[0m
[0;32mI (199) cpu_start: cpu freq: 160000000 Hz[0m
[0;32mI (200) app_init: Application information:[0m
[0;32mI (200) app_init: Project name:     low-power[0m
[0;32mI (204) app_init: App version:      f549b56-dirty[0m
[0;32mI (208) app_init: Compile time:     Jun 27 2025 17:33:48[0m
[0;32mI (213) app_init: ELF file SHA256:  21576ada5...[0m
[0;32mI (217) app_init: ESP-IDF:          v5.4.1-dirty[0m
[0;32mI (222) efuse_init: Min chip rev:     v0.0[0m
[0;32mI (226) efuse_init: Max chip rev:     v3.99 [0m
[0;32mI (230) efuse_init: Chip rev:         v3.0[0m
[0;32mI (234) heap_init: Initializing. RAM available for dynamic allocation:[0m
[0;32mI (240) heap_init: At 3FFAE6E0 len 00001920 (6 KiB): DRAM[0m
[0;32mI (245) heap_init: At 3FFB2BE0 len 0002D420 (181 KiB): DRAM[0m
[0;32mI (250) heap_init: At 3FFE0440 len 00003AE0 (14 KiB): D/IRAM[0m
[0;32mI (255) heap_init: At 3FFE4350 len 0001BCB0 (111 KiB): D/IRAM[0m
[0;32mI (261) heap_init: At 4008DCDC len 00012324 (72 KiB): IRAM[0m
[0;32mI (268) spi_flash: detected chip: generic[0m
[0;32mI (270) spi_flash: flash io: dio[0m
[0;33mW (273) spi_flash: Detected size(4096k) larger than the size in the binary image header(2048k). Using the size in the binary image header.[0m
[0;32mI (286) main_task: Started on CPU0[0m
[0;32mI (296) main_task: Calling app_main()[0m
Acordou 22 vezes
Entrando em deep sleep
ets Jul 29 2019 12:21:46

rst:0x5 (DEEPSLEEP_RESET),boot:0x13 (SPI_FAST_FLASH_BOOT)
configsip: 0, SPIWP:0xee
clk_drv:0x00,q_drv:0x00,d_drv:0x00,cs0_drv:0x00,hd_drv:0x00,wp_drv:0x00
mode:DIO, clock div:2
load:0x3fff0030,len:6276
load:0x40078000,len:15748
load:0x40080400,len:4
ho 8 tail 4 room 4
load:0x40080404,len:3860
entry 0x4008063c
[0;32mI (31) boot: ESP-IDF v5.4.1-dirty 2nd stage bootloader[0m
[0;32mI (31) boot: compile time Jun 27 2025 17:22:24[0m
[0;32mI (31) boot: Multicore bootloader[0m
[0;32mI (33) boot: chip revision: v3.0[0m
[0;32mI (36) boot.esp32: SPI Speed      : 40MHz[0m
[0;32mI (40) boot.esp32: SPI Mode       : DIO[0m
[0;32mI (43) boot.esp32: SPI Flash Size : 2MB[0m
[0;32mI (47) boot: Enabling RNG early entropy source...[0m
[0;32mI (51) boot: Partition Table:[0m
[0;32mI (54) boot: ## Label            Usage          Type ST Offset   Length[0m
[0;32mI (60) boot:  0 nvs              WiFi data        01 02 00009000 00006000[0m
[0;32mI (67) boot:  1 phy_init         RF data          01 01 0000f000 00001000[0m
[0;32mI (73) boot:  2 factory          factory app      00 00 00010000 00100000[0m
[0;32mI (80) boot: End of partition table[0m
[0;32mI (83) esp_image: segment 0: paddr=00010020 vaddr=3f400020 size=09cbch ( 40124) map[0m
[0;32mI (104) esp_image: segment 1: paddr=00019ce4 vaddr=3ff80064 size=0001ch (    28) [0m
[0;32mI (105) esp_image: segment 2: paddr=00019d08 vaddr=3ffb0000 size=02304h (  8964) load[0m
[0;32mI (111) esp_image: segment 3: paddr=0001c014 vaddr=40080000 size=04004h ( 16388) load[0m
[0;32mI (122) esp_image: segment 4: paddr=00020020 vaddr=400d0020 size=139d8h ( 80344) map[0m
[0;32mI (150) esp_image: segment 5: paddr=00033a00 vaddr=40084004 size=09cd8h ( 40152) load[0m
[0;32mI (166) esp_image: segment 6: paddr=0003d6e0 vaddr=400c0000 size=00064h (   100) [0m
[0;32mI (166) esp_image: segment 7: paddr=0003d74c vaddr=50000000 size=00004h (     4) [0m
[0;32mI (176) boot: Loaded app from partition at offset 0x10000[0m
[0;32mI (176) boot: Disabling RNG early entropy source...[0m
[0;32mI (191) cpu_start: Multicore app[0m
[0;32mI (199) cpu_start: Pro cpu start user code[0m
[0;32mI (199) cpu_start: cpu freq: 160000000 Hz[0m
[0;32mI (200) app_init: Application information:[0m
[0;32mI (200) app_init: Project name:     low-power[0m
[0;32mI (204) app_init: App version:      f549b56-dirty[0m
[0;32mI (208) app_init: Compile time:     Jun 27 2025 17:33:48[0m
[0;32mI (213) app_init: ELF file SHA256:  21576ada5...[0m
[0;32mI (217) app_init: ESP-IDF:          v5.4.1-dirty[0m
[0;32mI (222) efuse_init: Min chip rev:     v0.0[0m
[0;32mI (226) efuse_init: Max chip rev:     v3.99 [0m
[0;32mI (230) efuse_init: Chip rev:         v3.0[0m
[0;32mI (234) heap_init: Initializing. RAM available for dynamic allocation:[0m
[0;32mI (240) heap_init: At 3FFAE6E0 len 00001920 (6 KiB): DRAM[0m
[0;32mI (245) heap_init: At 3FFB2BE0 len 0002D420 (181 KiB): DRAM[0m
[0;32mI (250) heap_init: At 3FFE0440 len 00003AE0 (14 KiB): D/IRAM[0m
[0;32mI (255) heap_init: At 3FFE4350 len 0001BCB0 (111 KiB): D/IRAM[0m
[0;32mI (261) heap_init: At 4008DCDC len 00012324 (72 KiB): IRAM[0m
[0;32mI (268) spi_flash: detected chip: generic[0m
[0;32mI (270) spi_flash: flash io: dio[0m
[0;33mW (273) spi_flash: Detected size(4096k) larger than the size in the binary image header(2048k). Using the size in the binary image header.[0m
[0;32mI (286) main_task: Started on CPU0[0m
[0;32mI (296) main_task: Calling app_main()[0m
Acordou 23 vezes
Entrando em deep sleep
ets Jul 29 2019 12:21:46

rst:0x5 (DEEPSLEEP_RESET),boot:0x13 (SPI_FAST_FLASH_BOOT)
configsip: 0, SPIWP:0xee
clk_drv:0x00,q_drv:0x00,d_drv:0x00,cs0_drv:0x00,hd_drv:0x00,wp_drv:0x00
mode:DIO, clock div:2
load:0x3fff0030,len:6276
load:0x40078000,len:15748
load:0x40080400,len:4
ho 8 tail 4 room 4
load:0x40080404,len:3860
entry 0x4008063c
[0;32mI (31) boot: ESP-IDF v5.4.1-dirty 2nd stage bootloader[0m
[0;32mI (31) boot: compile time Jun 27 2025 17:22:24[0m
[0;32mI (31) boot: Multicore bootloader[0m
[0;32mI (33) boot: chip revision: v3.0[0m
[0;32mI (36) boot.esp32: SPI Speed      : 40MHz[0m
[0;32mI (40) boot.esp32: SPI Mode       : DIO[0m
[0;32mI (43) boot.esp32: SPI Flash Size : 2MB[0m
[0;32mI (47) boot: Enabling RNG early entropy source...[0m
[0;32mI (51) boot: Partition Table:[0m
[0;32mI (54) boot: ## Label            Usage          Type ST Offset   Length[0m
[0;32mI (60) boot:  0 nvs              WiFi data        01 02 00009000 00006000[0m
[0;32mI (67) boot:  1 phy_init         RF data          01 01 0000f000 00001000[0m
[0;32mI (73) boot:  2 factory          factory app      00 00 00010000 00100000[0m
[0;32mI (80) boot: End of partition table[0m
[0;32mI (83) esp_image: segment 0: paddr=00010020 vaddr=3f400020 size=09cbch ( 40124) map[0m
[0;32mI (104) esp_image: segment 1: paddr=00019ce4 vaddr=3ff80064 size=0001ch (    28) [0m
[0;32mI (105) esp_image: segment 2: paddr=00019d08 vaddr=3ffb0000 size=02304h (  8964) load[0m
[0;32mI (111) esp_image: segment 3: paddr=0001c014 vaddr=40080000 size=04004h ( 16388) load[0m
[0;32mI (122) esp_image: segment 4: paddr=00020020 vaddr=400d0020 size=139d8h ( 80344) map[0m
[0;32mI (150) esp_image: segment 5: paddr=00033a00 vaddr=40084004 size=09cd8h ( 40152) load[0m
[0;32mI (166) esp_image: segment 6: paddr=0003d6e0 vaddr=400c0000 size=00064h (   100) [0m
[0;32mI (166) esp_image: segment 7: paddr=0003d74c vaddr=50000000 size=00004h (     4) [0m
[0;32mI (176) boot: Loaded app from partition at offset 0x10000[0m
[0;32mI (176) boot: Disabling RNG early entropy source...[0m
[0;32mI (191) cpu_start: Multicore app[0m
[0;32mI (199) cpu_start: Pro cpu start user code[0m
[0;32mI (199) cpu_start: cpu freq: 160000000 Hz[0m
[0;32mI (200) app_init: Application information:[0m
[0;32mI (200) app_init: Project name:     low-power[0m
[0;32mI (204) app_init: App version:      f549b56-dirty[0m
[0;32mI (208) app_init: Compile time:     Jun 27 2025 17:33:48[0m
[0;32mI (213) app_init: ELF file SHA256:  21576ada5...[0m
[0;32mI (217) app_init: ESP-IDF:          v5.4.1-dirty[0m
[0;32mI (222) efuse_init: Min chip rev:     v0.0[0m
[0;32mI (226) efuse_init: Max chip rev:     v3.99 [0m
[0;32mI (230) efuse_init: Chip rev:         v3.0[0m
[0;32mI (234) heap_init: Initializing. RAM available for dynamic allocation:[0m
[0;32mI (240) heap_init: At 3FFAE6E0 len 00001920 (6 KiB): DRAM[0m
[0;32mI (245) heap_init: At 3FFB2BE0 len 0002D420 (181 KiB): DRAM[0m
[0;32mI (250) heap_init: At 3FFE0440 len 00003AE0 (14 KiB): D/IRAM[0m
[0;32mI (255) heap_init: At 3FFE4350 len 0001BCB0 (111 KiB): D/IRAM[0m
[0;32mI (261) heap_init: At 4008DCDC len 00012324 (72 KiB): IRAM[0m
[0;32mI (268) spi_flash: detected chip: generic[0m
[0;32mI (270) spi_flash: flash io: dio[0m
[0;33mW (273) spi_flash: Detected size(4096k) larger than the size in the binary image header(2048k). Using the size in the binary image header.[0m
[0;32mI (286) main_task: Started on CPU0[0m
[0;32mI (296) main_task: Calling app_main()[0m
Acordou 24 vezes
Entrando em deep sleep
ets Jul 29 2019 12:21:46

rst:0x5 (DEEPSLEEP_RESET),boot:0x13 (SPI_FAST_FLASH_BOOT)
configsip: 0, SPIWP:0xee
clk_drv:0x00,q_drv:0x00,d_drv:0x00,cs0_drv:0x00,hd_drv:0x00,wp_drv:0x00
mode:DIO, clock div:2
load:0x3fff0030,len:6276
load:0x40078000,len:15748
load:0x40080400,len:4
ho 8 tail 4 room 4
load:0x40080404,len:3860
entry 0x4008063c
[0;32mI (31) boot: ESP-IDF v5.4.1-dirty 2nd stage bootloader[0m
[0;32mI (31) boot: compile time Jun 27 2025 17:22:24[0m
[0;32mI (31) boot: Multicore bootloader[0m
[0;32mI (33) boot: chip revision: v3.0[0m
[0;32mI (36) boot.esp32: SPI Speed      : 40MHz[0m
[0;32mI (40) boot.esp32: SPI Mode       : DIO[0m
[0;32mI (43) boot.esp32: SPI Flash Size : 2MB[0m
[0;32mI (47) boot: Enabling RNG early entropy source...[0m
[0;32mI (51) boot: Partition Table:[0m
[0;32mI (54) boot: ## Label            Usage          Type ST Offset   Length[0m
[0;32mI (60) boot:  0 nvs              WiFi data        01 02 00009000 00006000[0m
[0;32mI (67) boot:  1 phy_init         RF data          01 01 0000f000 00001000[0m
[0;32mI (73) boot:  2 factory          factory app      00 00 00010000 00100000[0m
[0;32mI (80) boot: End of partition table[0m
[0;32mI (83) esp_image: segment 0: paddr=00010020 vaddr=3f400020 size=09cbch ( 40124) map[0m
[0;32mI (104) esp_image: segment 1: paddr=00019ce4 vaddr=3ff80064 size=0001ch (    28) [0m
[0;32mI (105) esp_image: segment 2: paddr=00019d08 vaddr=3ffb0000 size=02304h (  8964) load[0m
[0;32mI (111) esp_image: segment 3: paddr=0001c014 vaddr=40080000 size=04004h ( 16388) load[0m
[0;32mI (122) esp_image: segment 4: paddr=00020020 vaddr=400d0020 size=139d8h ( 80344) map[0m
[0;32mI (150) esp_image: segment 5: paddr=00033a00 vaddr=40084004 size=09cd8h ( 40152) load[0m
[0;32mI (166) esp_image: segment 6: paddr=0003d6e0 vaddr=400c0000 size=00064h (   100) [0m
[0;32mI (166) esp_image: segment 7: paddr=0003d74c vaddr=50000000 size=00004h (     4) [0m
[0;32mI (176) boot: Loaded app from partition at offset 0x10000[0m
[0;32mI (176) boot: Disabling RNG early entropy source...[0m
[0;32mI (191) cpu_start: Multicore app[0m
[0;32mI (199) cpu_start: Pro cpu start user code[0m
[0;32mI (199) cpu_start: cpu freq: 160000000 Hz[0m
[0;32mI (200) app_init: Application information:[0m
[0;32mI (200) app_init: Project name:     low-power[0m
[0;32mI (204) app_init: App version:      f549b56-dirty[0m
[0;32mI (208) app_init: Compile time:     Jun 27 2025 17:33:48[0m
[0;32mI (213) app_init: ELF file SHA256:  21576ada5...[0m
[0;32mI (217) app_init: ESP-IDF:          v5.4.1-dirty[0m
[0;32mI (222) efuse_init: Min chip rev:     v0.0[0m
[0;32mI (226) efuse_init: Max chip rev:     v3.99 [0m
[0;32mI (230) efuse_init: Chip rev:         v3.0[0m
[0;32mI (234) heap_init: Initializing. RAM available for dynamic allocation:[0m
[0;32mI (240) heap_init: At 3FFAE6E0 len 00001920 (6 KiB): DRAM[0m
[0;32mI (245) heap_init: At 3FFB2BE0 len 0002D420 (181 KiB): DRAM[0m
[0;32mI (250) heap_init: At 3FFE0440 len 00003AE0 (14 KiB): D/IRAM[0m
[0;32mI (255) heap_init: At 3FFE4350 len 0001BCB0 (111 KiB): D/IRAM[0m
[0;32mI (261) heap_init: At 4008DCDC len 00012324 (72 KiB): IRAM[0m
[0;32mI (268) spi_flash: detected chip: generic[0m
[0;32mI (270) spi_flash: flash io: dio[0m
[0;33mW (273) spi_flash: Detected size(4096k) larger than the size in the binary image header(2048k). Using the size in the binary image header.[0m
[0;32mI (286) main_task: Started on CPU0[0m
[0;32mI (296) main_task: Calling app_main()[0m
Acordou 25 vezes
Entrando em deep sleep
ets Jul 29 2019 12:21:46

rst:0x5 (DEEPSLEEP_RESET),boot:0x13 (SPI_FAST_FLASH_BOOT)
configsip: 0, SPIWP:0xee
clk_drv:0x00,q_drv:0x00,d_drv:0x00,cs0_drv:0x00,hd_drv:0x00,wp_drv:0x00
mode:DIO, clock div:2
load:0x3fff0030,len:6276
load:0x40078000,len:15748
load:0x40080400,len:4
ho 8 tail 4 room 4
load:0x40080404,len:3860
entry 0x4008063c
[0;32mI (31) boot: ESP-IDF v5.4.1-dirty 2nd stage bootloader[0m
[0;32mI (31) boot: compile time Jun 27 2025 17:22:24[0m
[0;32mI (31) boot: Multicore bootloader[0m
[0;32mI (33) boot: chip revision: v3.0[0m
[0;32mI (36) boot.esp32: SPI Speed      : 40MHz[0m
[0;32mI (40) boot.esp32: SPI Mode       : DIO[0m
[0;32mI (43) boot.esp32: SPI Flash Size : 2MB[0m
[0;32mI (47) boot: Enabling RNG early entropy source...[0m
[0;32mI (51) boot: Partition Table:[0m
[0;32mI (54) boot: ## Label            Usage          Type ST Offset   Length[0m
[0;32mI (60) boot:  0 nvs              WiFi data        01 02 00009000 00006000[0m
[0;32mI (67) boot:  1 phy_init         RF data          01 01 0000f000 00001000[0m
[0;32mI (73) boot:  2 factory          factory app      00 00 00010000 00100000[0m
[0;32mI (80) boot: End of partition table[0m
[0;32mI (83) esp_image: segment 0: paddr=00010020 vaddr=3f400020 size=09cbch ( 40124) map[0m
[0;32mI (104) esp_image: segment 1: paddr=00019ce4 vaddr=3ff80064 size=0001ch (    28) [0m
[0;32mI (105) esp_image: segment 2: paddr=00019d08 vaddr=3ffb0000 size=02304h (  8964) load[0m
[0;32mI (111) esp_image: segment 3: paddr=0001c014 vaddr=40080000 size=04004h ( 16388) load[0m
[0;32mI (122) esp_image: segment 4: paddr=00020020 vaddr=400d0020 size=139d8h ( 80344) map[0m
[0;32mI (150) esp_image: segment 5: paddr=00033a00 vaddr=40084004 size=09cd8h ( 40152) load[0m
[0;32mI (166) esp_image: segment 6: paddr=0003d6e0 vaddr=400c0000 size=00064h (   100) [0m
[0;32mI (166) esp_image: segment 7: paddr=0003d74c vaddr=50000000 size=00004h (     4) [0m
[0;32mI (176) boot: Loaded app from partition at offset 0x10000[0m
[0;32mI (176) boot: Disabling RNG early entropy source...[0m
[0;32mI (191) cpu_start: Multicore app[0m
[0;32mI (199) cpu_start: Pro cpu start user code[0m
[0;32mI (199) cpu_start: cpu freq: 160000000 Hz[0m
[0;32mI (200) app_init: Application information:[0m
[0;32mI (200) app_init: Project name:     low-power[0m
[0;32mI (204) app_init: App version:      f549b56-dirty[0m
[0;32mI (208) app_init: Compile time:     Jun 27 2025 17:33:48[0m
[0;32mI (213) app_init: ELF file SHA256:  21576ada5...[0m
[0;32mI (217) app_init: ESP-IDF:          v5.4.1-dirty[0m
[0;32mI (222) efuse_init: Min chip rev:     v0.0[0m
[0;32mI (226) efuse_init: Max chip rev:     v3.99 [0m
[0;32mI (230) efuse_init: Chip rev:         v3.0[0m
[0;32mI (234) heap_init: Initializing. RAM available for dynamic allocation:[0m
[0;32mI (240) heap_init: At 3FFAE6E0 len 00001920 (6 KiB): DRAM[0m
[0;32mI (245) heap_init: At 3FFB2BE0 len 0002D420 (181 KiB): DRAM[0m
[0;32mI (250) heap_init: At 3FFE0440 len 00003AE0 (14 KiB): D/IRAM[0m
[0;32mI (255) heap_init: At 3FFE4350 len 0001BCB0 (111 KiB): D/IRAM[0m
[0;32mI (261) heap_init: At 4008DCDC len 00012324 (72 KiB): IRAM[0m
[0;32mI (268) spi_flash: detected chip: generic[0m
[0;32mI (270) spi_flash: flash io: dio[0m
[0;33mW (273) spi_flash: Detected size(4096k) larger than the size in the binary image header(2048k). Using the size in the binary image header.[0m
[0;32mI (286) main_task: Started on CPU0[0m
[0;32mI (296) main_task: Calling app_main()[0m
Acordou 26 vezes
Entrando em deep sleep
ets Jul 29 2019 12:21:46

rst:0x5 (DEEPSLEEP_RESET),boot:0x13 (SPI_FAST_FLASH_BOOT)
configsip: 0, SPIWP:0xee
clk_drv:0x00,q_drv:0x00,d_drv:0x00,cs0_drv:0x00,hd_drv:0x00,wp_drv:0x00
mode:DIO, clock div:2
load:0x3fff0030,len:6276
load:0x40078000,len:15748
load:0x40080400,len:4
ho 8 tail 4 room 4
load:0x40080404,len:3860
entry 0x4008063c
[0;32mI (31) boot: ESP-IDF v5.4.1-dirty 2nd stage bootloader[0m
[0;32mI (31) boot: compile time Jun 27 2025 17:22:24[0m
[0;32mI (31) boot: Multicore bootloader[0m
[0;32mI (33) boot: chip revision: v3.0[0m
[0;32mI (36) boot.esp32: SPI Speed      : 40MHz[0m
[0;32mI (40) boot.esp32: SPI Mode       : DIO[0m
[0;32mI (43) boot.esp32: SPI Flash Size : 2MB[0m
[0;32mI (47) boot: Enabling RNG early entropy source...[0m
[0;32mI (51) boot: Partition Table:[0m
[0;32mI (54) boot: ## Label            Usage          Type ST Offset   Length[0m
[0;32mI (60) boot:  0 nvs              WiFi data        01 02 00009000 00006000[0m
[0;32mI (67) boot:  1 phy_init         RF data          01 01 0000f000 00001000[0m
[0;32mI (73) boot:  2 factory          factory app      00 00 00010000 00100000[0m
[0;32mI (80) boot: End of partition table[0m
[0;32mI (83) esp_image: segment 0: paddr=00010020 vaddr=3f400020 size=09cbch ( 40124) map[0m
[0;32mI (104) esp_image: segment 1: paddr=00019ce4 vaddr=3ff80064 size=0001ch (    28) [0m
[0;32mI (105) esp_image: segment 2: paddr=00019d08 vaddr=3ffb0000 size=02304h (  8964) load[0m
[0;32mI (111) esp_image: segment 3: paddr=0001c014 vaddr=40080000 size=04004h ( 16388) load[0m
[0;32mI (122) esp_image: segment 4: paddr=00020020 vaddr=400d0020 size=139d8h ( 80344) map[0m
