t: chip revision: v3.0
[0;32mI (36) boot.esp32: SPI Speed      : 40MHz[0m
I ï¿½
Bï¿½ï¿½Jï¿½ï¿½ï¿½ï¿½ Enabling RNG early entropy source...
[0;32mI (51) boot: Partition Table:[0m
[0;32mI (54) boot: ## Label            Usage          Type ST Offset   Length[0m
[0;32mI (60) boot:  0 nvs              WiFi data        0ï¿½ets Jul 29 2019 12:21:46[0m

rst:0x1 (POWERON_RESET),boot:0x13 (SPI_FAST_FLASH_BOOT)
configsip: 0, SPIWP:0xee
clk_drv:0x00,q_drv:0x00,d_drv:0x00,cs0_drv:0x00,hd_drv:0x00,wp_drv:0x00
mode:DIO, clock div:2
load:0x3fff0030,len:6276
load:0x40078000,len:15748
load:0x40080400,len:4
ho 8 tail 4 room 4
load:0x40080404,len:3860
entry 0x4008063c
[0;32mI (31) boot: ESP-IDF v5.4.1-dirty 2nd stage bootloader[0m
[0;32mI (31) boot: compile time Jun 27 2025 13:03:24[0m
[0;32mI (31) boot: Multicore bootloader[0m
[0;32mI (33) boot: chip revision: v3.0[0m
[0;32mI (36) boot.esp32: SPI Speed      : 40MHz[0m
[0;32mI (40) boot.esp32: SPI Mode       : DIO[0m
[0;32mI (43) boot.esp32: SPI Flash Size : 2MB[0m
[0;32mI (47) boot: Enabling RNG early entropy source...[0m
[0;32mI (51) boot: Partition Table:[0m
[0;32mI (54) boot: ## Label            Usage          Type ST Offset   Length[0m
[0;32mI (60) boot:  0 nvs              WiFi data        01 02 00009000 00006000[0m
[0;32mI (67) boot:  1 phy_init         RF data          01 01 0000f000 00001000[0m
[0;32mI (73) boot:  2 factory          factory app      00 00 00010000 00100000[0m
[0;32mI (80) boot: End of partition table[0m
[0;32mI (83) esp_image: segment 0: paddr=00010020 vaddr=3f400020 size=1d7b8h (120760) map[0m
[0;32mI (132) esp_image: segment 1: paddr=0002d7e0 vaddr=3ff80000 size=0001ch (    28) load[0m
[0;32mI (132) esp_image: segment 2: paddr=0002d804 vaddr=3ffb0000 size=02814h ( 10260) load[0m
[0;32mI (139) esp_image: segment 3: paddr=00030020 vaddr=400d0020 size=9c6c0h (640704) map[0m
[0;32mI (362) esp_image: segment 4: paddr=000cc6e8 vaddr=3ffb2814 size=016a0h (  5792) load[0m
[0;32mI (364) esp_image: segment 5: paddr=000cdd90 vaddr=40080000 size=17798h ( 96152) load[0m
[0;32mI (414) boot: Loaded app from partition at offset 0x10000[0m
[0;32mI (414) boot: Disabling RNG early entropy source...[0m
[0;32mI (425) cpu_start: Multicore app[0m
[0;32mI (433) cpu_start: Pro cpu start user code[0m
[0;32mI (433) cpu_start: cpu freq: 160000000 Hz[0m
[0;32mI (433) app_init: Application information:[0m
[0;32mI (433) app_init: Project name:     wifi-example[0m
[0;32mI (438) app_init: App version:      32d6a25[0m
[0;32mI (442) app_init: Compile time:     Jun 27 2025 13:01:57[0m
[0;32mI (447) app_init: ELF file SHA256:  546815e8e...[0m
[0;32mI (451) app_init: ESP-IDF:          v5.4.1-dirty[0m
[0;32mI (455) efuse_init: Min chip rev:     v0.0[0m
[0;32mI (459) efuse_init: Max chip rev:     v3.99 [0m
[0;32mI (463) efuse_init: Chip rev:         v3.0[0m
[0;32mI (467) heap_init: Initializing. RAM available for dynamic allocation:[0m
[0;32mI (473) heap_init: At 3FFAE6E0 len 00001920 (6 KiB): DRAM[0m
[0;32mI (478) heap_init: At 3FFB8740 len 000278C0 (158 KiB): DRAM[0m
[0;32mI (484) heap_init: At 3FFE0440 len 00003AE0 (14 KiB): D/IRAM[0m
[0;32mI (489) heap_init: At 3FFE4350 len 0001BCB0 (111 KiB): D/IRAM[0m
[0;32mI (495) heap_init: At 40097798 len 00008868 (34 KiB): IRAM[0m
[0;32mI (501) spi_flash: detected chip: generic[0m
[0;32mI (503) spi_flash: flash io: dio[0m
[0;33mW (506) spi_flash: Detected size(4096k) larger than the size in the binary image header(2048k). Using the size in the binary image header.[0m
[0;32mI (520) main_task: Started on CPU0[0m
[0;32mI (530) main_task: Calling app_main()[0m
[0;32mI (570) wifi:wifi driver task: 3ffc0690, prio:23, stack:6656, core=0[0m
[0;32mI (580) wifi:wifi firmware version: 79fa3f41ba[0m
[0;32mI (580) wifi:wifi certification version: v7.0[0m
[0;32mI (580) wifi:config NVS flash: enabled[0m
[0;32mI (580) wifi:config nano formatting: disabled[0m
[0;32mI (580) wifi:Init data frame dynamic rx buffer num: 32[0m
[0;32mI (590) wifi:Init static rx mgmt buffer num: 5[0m
[0;32mI (590) wifi:Init management short buffer num: 32[0m
[0;32mI (600) wifi:Init dynamic tx buffer num: 32[0m
[0;32mI (600) wifi:Init static rx buffer size: 1600[0m
[0;32mI (610) wifi:Init static rx buffer num: 10[0m
[0;32mI (610) wifi:Init dynamic rx buffer num: 32[0m
[0;32mI (610) wifi_init: rx ba win: 6[0m
[0;32mI (620) wifi_init: accept mbox: 6[0m
[0;32mI (620) wifi_init: tcpip mbox: 32[0m
[0;32mI (620) wifi_init: udp mbox: 6[0m
[0;32mI (630) wifi_init: tcp mbox: 6[0m
[0;32mI (630) wifi_init: tcp tx win: 5760[0m
[0;32mI (630) wifi_init: tcp rx win: 5760[0m
[0;32mI (630) wifi_init: tcp mss: 1440[0m
[0;32mI (640) wifi_init: WiFi IRAM OP enabled[0m
[0;32mI (640) wifi_init: WiFi RX IRAM OP enabled[0m
[0;33mW (650) wifi:Password length matches WPA2 standards, authmode threshold changes from OPEN to WPA2[0m
[0;32mI (650) phy_init: phy_version 4860,6b7a6e5,Feb  6 2025,14:47:07[0m
[0;32mI (740) wifi:mode : sta (c0:49:ef:f9:00:84)[0m
[0;32mI (740) wifi:enable tsf[0m
[0;32mI (740) wifi: wifi_init_sta finished.[0m
[0;32mI (750) wifi:new:<11,0>, old:<1,0>, ap:<255,255>, sta:<11,0>, prof:1, snd_ch_cfg:0x0[0m
[0;32mI (750) wifi:state: init -> auth (0xb0)[0m
[0;32mI (760) wifi:state: auth -> assoc (0x0)[0m
[0;32mI (760) wifi:state: assoc -> run (0x10)[0m
[0;32mI (770) wifi:<ba-add>idx:0 (ifx:0, 10:72:23:27:5b:51), tid:0, ssn:0, winSize:64[0m
[0;32mI (780) wifi:connected with Familia Lima, aid = 5, channel 11, BW20, bssid = 10:72:23:27:5b:51[0m
[0;32mI (780) wifi:security: WPA2-PSK, phy: bgn, rssi: -53[0m
[0;32mI (790) wifi:pm start, type: 1[0m

[0;32mI (790) wifi:dp: 1, bi: 102400, li: 3, scale listen interval from 307200 us to 307200 us[0m
[0;32mI (840) wifi:AP's beacon interval = 102400 us, DTIM period = 1[0m
[0;32mI (1810) esp_netif_handlers: sta ip: 192.168.25.93, mask: 255.255.255.0, gw: 192.168.25.1[0m
[0;32mI (1810) wifi: EndereÃ§o IP recebido:192.168.25.93[0m
[0;32mI (1810) wifi: connected to ap SSID:Familia Lima password:AaEeMixuSunny6869#[0m
[0;32mI (1810) main_task: Returned from app_main()[0m
[0;32mI (1820) Main Task: Realiza HTTP Request[0m
[0;32mI (2270) HTTP: HTTP_EVENT_ON_CONNECTED[0m
[0;32mI (2280) HTTP: HTTP_EVENT_HEADER_SENT[0m
[0;32mI (2480) HTTP: HTTP_EVENT_ON_HEADER[0m
[0;32mI (2480) HTTP: HTTP_EVENT_ON_HEADER[0m
[0;32mI (2480) HTTP: HTTP_EVENT_ON_HEADER[0m
[0;32mI (2480) HTTP: HTTP_EVENT_ON_HEADER[0m
[0;32mI (2480) HTTP: HTTP_EVENT_ON_HEADER[0m
[0;32mI (2480) HTTP: HTTP_EVENT_ON_DATA, len=231[0m
<!DOCTYPE HTML PUBLIC "-//IETF//DTD HTML 2.0//EN">
<html><head>
<title>301 Moved Permanently</title>
</head><body>
<h1>Moved Permanently</h1>
<p>The document has moved <a href="https://quotes.rest/qod">here</a>.</p>
</body></html>
[0;32mI (2510) HTTP: HTTP_EVENT_DISCONNECTED[0m
[0;32mI (2520) HTTP: HTTP_EVENT_ON_FINISH[0m
[1;31mE (2690) esp-tls-mbedtls: No server verification option set in esp_tls_cfg_t structure. Check esp_tls API reference[0m
[1;31mE (2690) esp-tls-mbedtls: Failed to set client configurations, returned [0x8017] (ESP_ERR_MBEDTLS_SSL_SETUP_FAILED)[0m
[1;31mE (2700) esp-tls: create_ssl_handle failed[0m
[1;31mE (2710) esp-tls: Failed to open new connection[0m
[1;31mE (2710) transport_base: Failed to open a new connection[0m
[1;31mE (2720) HTTP_CLIENT: Connection failed, sock < 0[0m
[0;32mI (2720) HTTP: HTTP_EVENT_ERROR[0m
[0;32mI (2720) HTTP: HTTP_EVENT_DISCONNECTED[0m
[1;31mE (2790) esp-tls-mbedtls: No server verification option set in esp_tls_cfg_t structure. Check esp_tls API reference[0m
[1;31mE (2790) esp-tls-mbedtls: Failed to set client configurations, returned [0x8017] (ESP_ERR_MBEDTLS_SSL_SETUP_FAILED)[0m
[1;31mE (2800) esp-tls: create_ssl_handle failed[0m
[1;31mE (2800) esp-tls: Failed to open new connection[0m
[1;31mE (2810) transport_base: Failed to open a new connection[0m
[1;31mE (2810) HTTP_CLIENT: Connection failed, sock < 0[0m
[0;32mI (2820) HTTP: HTTP_EVENT_ERROR[0m
[0;32mI (2820) HTTP: Error...[0m
[0;32mI (2820) HTTP: HTTP_EVENT_DISCONNECTED[0m
