IO
[0;32mI (43) boot.esp32: SPI Flas entropy source...[0m
[0;32mI (51) boot: Partition Table:[0m
[0;32mI (54) boot: ## Label            Usage          Type ST Offset   Length[0m
[0;32mI (60) boot:  0 nvs              WiFi data        01 02 00009000 00006000[0m
[0;32mI (67) bï¿½ets Jul 29 2019 12:21:46[0m

rst:0x1 (POWERON_RESET),boot:0x13 (SPI_FAST_FLASH_BOOT)
configsip: 0, SPIWP:0xee
clk_drv:0x00,q_drv:0x00,d_drv:0x00,cs0_drv:0x00,hd_drv:0x00,wp_drv:0x00
mode:DIO, clock div:2
load:0x3fff0030,len:6276
load:0x40078000,len:15748
load:0x40080400,len:4
ho 8 tail 4 room 4
load:0x40080404,len:3860
entry 0x4008063c
[0;32mI (31) boot: ESP-IDF v5.4.1-dirty 2nd stage bootloader[0m
[0;32mI (31) boot: compile time Jun 27 2025 13:03:24[0m
[0;32mI (31) boot: Multicore bootloader[0m
[0;32mI (33) boot: chip revision: v3.0[0m
[0;32mI (36) boot.esp32: SPI Speed      : 40MHz[0m
[0;32mI (40) boot.esp32: SPI Mode       : DIO[0m
[0;32mI (43) boot.esp32: SPI Flash Size : 2MB[0m
[0;32mI (47) boot: Enabling RNG early entropy source...[0m
[0;32mI (51) boot: Partition Table:[0m
[0;32mI (54) boot: ## Label            Usage          Type ST Offset   Length[0m
[0;32mI (60) boot:  0 nvs              WiFi data        01 02 00009000 00006000[0m
[0;32mI (67) boot:  1 phy_init         RF data          01 01 0000f000 00001000[0m
[0;32mI (73) boot:  2 factory          factory app      00 00 00010000 00100000[0m
[0;32mI (80) boot: End of partition table[0m
[0;32mI (83) esp_image: segment 0: paddr=00010020 vaddr=3f400020 size=18a68h (100968) map[0m
[0;32mI (125) esp_image: segment 1: paddr=00028a90 vaddr=3ff80000 size=0001ch (    28) load[0m
[0;32mI (125) esp_image: segment 2: paddr=00028ab4 vaddr=3ffb0000 size=03ea4h ( 16036) load[0m
[0;32mI (135) esp_image: segment 3: paddr=0002c960 vaddr=40080000 size=036b8h ( 14008) load[0m
[0;32mI (142) esp_image: segment 4: paddr=00030020 vaddr=400d0020 size=82c2ch (535596) map[0m
[0;32mI (327) esp_image: segment 5: paddr=000b2c54 vaddr=400836b8 size=140e0h ( 82144) load[0m
[0;32mI (370) boot: Loaded app from partition at offset 0x10000[0m
[0;32mI (370) boot: Disabling RNG early entropy source...[0m
[0;32mI (381) cpu_start: Multicore app[0m
[0;32mI (389) cpu_start: Pro cpu start user code[0m
[0;32mI (389) cpu_start: cpu freq: 160000000 Hz[0m
[0;32mI (389) app_init: Application information:[0m
[0;32mI (389) app_init: Project name:     wifi-example[0m
[0;32mI (394) app_init: App version:      32d6a25[0m
[0;32mI (397) app_init: Compile time:     Jun 27 2025 13:01:57[0m
[0;32mI (402) app_init: ELF file SHA256:  c9689f594...[0m
[0;32mI (407) app_init: ESP-IDF:          v5.4.1-dirty[0m
[0;32mI (411) efuse_init: Min chip rev:     v0.0[0m
[0;32mI (415) efuse_init: Max chip rev:     v3.99 [0m
[0;32mI (419) efuse_init: Chip rev:         v3.0[0m
[0;32mI (423) heap_init: Initializing. RAM available for dynamic allocation:[0m
[0;32mI (429) heap_init: At 3FFAE6E0 len 00001920 (6 KiB): DRAM[0m
[0;32mI (434) heap_init: At 3FFB8158 len 00027EA8 (159 KiB): DRAM[0m
[0;32mI (439) heap_init: At 3FFE0440 len 00003AE0 (14 KiB): D/IRAM[0m
[0;32mI (445) heap_init: At 3FFE4350 len 0001BCB0 (111 KiB): D/IRAM[0m
[0;32mI (450) heap_init: At 40097798 len 00008868 (34 KiB): IRAM[0m
[0;32mI (457) spi_flash: detected chip: generic[0m
[0;32mI (459) spi_flash: flash io: dio[0m
[0;33mW (462) spi_flash: Detected size(4096k) larger than the size in the binary image header(2048k). Using the size in the binary image header.[0m
[0;32mI (475) main_task: Started on CPU0[0m
[0;32mI (485) main_task: Calling app_main()[0m
[0;32mI (505) wifi:wifi driver task: 3ffbffcc, prio:23, stack:6656, core=0[0m
[0;32mI (505) wifi:wifi firmware version: 79fa3f41ba[0m
[0;32mI (505) wifi:wifi certification version: v7.0[0m
[0;32mI (505) wifi:config NVS flash: enabled[0m
[0;32mI (505) wifi:config nano formatting: disabled[0m
[0;32mI (515) wifi:Init data frame dynamic rx buffer num: 32[0m
[0;32mI (515) wifi:Init static rx mgmt buffer num: 5[0m
[0;32mI (525) wifi:Init management short buffer num: 32[0m
[0;32mI (525) wifi:Init dynamic tx buffer num: 32[0m
[0;32mI (525) wifi:Init static rx buffer size: 1600[0m
[0;32mI (535) wifi:Init static rx buffer num: 10[0m
[0;32mI (535) wifi:Init dynamic rx buffer num: 32[0m
[0;32mI (545) wifi_init: rx ba win: 6[0m
[0;32mI (545) wifi_init: accept mbox: 6[0m
[0;32mI (545) wifi_init: tcpip mbox: 32[0m
[0;32mI (545) wifi_init: udp mbox: 6[0m
[0;32mI (555) wifi_init: tcp mbox: 6[0m
[0;32mI (555) wifi_init: tcp tx win: 5760[0m
[0;32mI (555) wifi_init: tcp rx win: 5760[0m
[0;32mI (565) wifi_init: tcp mss: 1440[0m
[0;32mI (565) wifi_init: WiFi IRAM OP enabled[0m
[0;32mI (565) wifi_init: WiFi RX IRAM OP enabled[0m
[0;33mW (575) wifi:Password length matches WPA2 standards, authmode threshold changes from OPEN to WPA2[0m
[0;32mI (605) phy_init: phy_version 4860,6b7a6e5,Feb  6 2025,14:47:07[0m
[0;32mI (685) wifi:mode : sta (c0:49:ef:f9:00:84)[0m
[0;32mI (685) wifi:enable tsf[0m
[0;32mI (685) wifi: wifi_init_sta finished.[0m
[0;32mI (2165) wifi:new:<11,0>, old:<1,0>, ap:<255,255>, sta:<11,0>, prof:1, snd_ch_cfg:0x0[0m
[0;32mI (2165) wifi:state: init -> auth (0xb0)[0m
[0;32mI (2175) wifi:state: auth -> assoc (0x0)[0m
[0;32mI (2175) wifi:state: assoc -> run (0x10)[0m
[0;32mI (2185) wifi:<ba-add>idx:0 (ifx:0, 10:72:23:27:5b:51), tid:0, ssn:0, winSize:64[0m
[0;32mI (2195) wifi:connected with Familia Lima, aid = 5, channel 11, BW20, bssid = 10:72:23:27:5b:51[0m
[0;32mI (2195) wifi:security: WPA2-PSK, phy: bgn, rssi: -60[0m
[0;32mI (2215) wifi:pm start, type: 1[0m

[0;32mI (2215) wifi:dp: 1, bi: 102400, li: 3, scale listen interval from 307200 us to 307200 us[0m
[0;32mI (2225) wifi:AP's beacon interval = 102400 us, DTIM period = 1[0m
[0;32mI (5275) esp_netif_handlers: sta ip: 192.168.25.93, mask: 255.255.255.0, gw: 192.168.25.1[0m
[0;32mI (5275) wifi: EndereÃ§o IP recebido:192.168.25.93[0m
[0;32mI (5275) wifi: connected to ap SSID:Familia Lima password:AaEeMixuSunny6869#[0m
[0;32mI (5275) main_task: Returned from app_main()[0m
